Modem.ECP               09-Nov-94 11:58:38  Hunk Section                Page 1-1

 num hunk         size filename         punit    type         base  alv     size
   0 text         9d84 lib:c.o          c        code            0    1      260
                       ECP_Main.o       ECP_Main code          268    0      14c
                       parsebig.o       parsebig code          3b4    2      18c
                       session.o        session. code          54c    2      184
                       cdf.o            cdf.c    code          6dc    0      480
                       ECP_Modem/X_ValS X_ValSes code          b5c    0       60
                       ECP_Modem/X_Init X_InitCo code          bbc    0       40
                       ECP_Modem/X_Open X_OpenCo code          bfc    2      254
                       ECP_Modem/X_LogO X_LogOn. code          e5c    0       94
                       ECP_Modem/X_DoTr X_DoTran code          ef0    1      198
                       ECP_Modem/X_LogO X_LogOff code         1090    0       80
                       ECP_Modem/X_Clos X_CloseC code         1110    0      10c
                       ECP_Modem/X_DeIn X_DeInit code         121c    0       2c
                       nb:parser.o      parser.c code         1248    0      518
                       mpri:errors.o    errors.c code         1760    0      298
                       ECP_Modem/serial serfuncs code         19f8    0      7e4
                       ECP_Modem/serial serprint code         21dc    0      1b0
                       ECP_Modem/serial serwork. code         238c    0      e74
                       ECP_Modem/serial protocol code         3200    0      ebc
                       ECP_Modem/serial serfiles code         40bc    0      564
                       ECP_Modem/serial sergetdi code         4620    0      608
                       ECP_Modem/serial serrexx. code         4c28    0      138
                       ECP_Modem/serial SimpleRe code         4d60    0      68c
                       ECP_Modem/serial <noname> code         53ec    0      100
                       lib:scm.lib      _sfmt.c  code         54ec    0      6c8
                       lib:scm.lib      _pfmt.c  code         5bb4    0      8c4
                       lib:scm.lib      sscanf.c code         6478    0       5c
                       lib:scm.lib      sprintf. code         64d4    0       44
                       lib:scm.lib      printf.c code         6518    0       7c
                       lib:scm.lib      fprintf. code         6594    0       a0
                       lib:scm.lib      _fpinit. code         6634    0       3c
                       lib:scm.lib      _CXVFD.o code         6670    0      404
                       lib:scm.lib      _CXV54.o code         6a74    0      10c
                       lib:scm.lib      _CXV53.o code         6b80    0       b4
                       lib:scm.lib      _CXV45.o code         6c34    0       68
                       lib:scm.lib      _CXV43.o code         6c9c    0       d4
                       lib:scm.lib      _CXV34.o code         6d70    0       94
                       lib:scm.lib      _CXSPC5. code         6e04    0       94
                       lib:scm.lib      _CXREN5. code         6e98    0       64
                       lib:scm.lib      _CXNRM5. code         6efc    0       98
                       lib:scm.lib      _CXNRM4. code         6f94    0       80
                       lib:scm.lib      _CXM55.o code         7014    0      198
                       lib:scm.lib      _CXFXT5. code         71ac    0       ec
                       lib:scm.lib      _cxferr. code         7298    0       10
                       lib:scm.lib      _CXD55.o code         72a8    0      240
                       lib:scm.lib      cxadj5.o code         74e8    0       84
                       lib:sc.lib       newlist  code         756c    0       14
                       lib:sc.lib       createpo code         7580    0       b8
                       lib:sc.lib       createex code         7638    0       6c
                       lib:sc.lib       _constru code         76a4    0       34
                       lib:sc.lib       writes.c code         76d8    0       30
                       lib:sc.lib       tinyprin code         7708    0       b8
                       lib:sc.lib       _memclea code         77c0    0       2c
Modem.ECP               09-Nov-94 11:58:38  Hunk Section                Page 1-2

 num hunk         size filename         punit    type         base  alv     size
                       lib:sc.lib       strnicmp code         77ec    0       a8
                       lib:sc.lib       strins.c code         7894    0       48
                       lib:sc.lib       stricmp. code         78dc    0       3c
                       lib:sc.lib       _stpcpy. code         7918    0       14
                       lib:sc.lib       stpblk.o code         792c    0       1c
                       lib:sc.lib       _stcul_d code         7948    0       30
                       lib:sc.lib       _stcl_o. code         7978    0       30
                       lib:sc.lib       _stcl_h. code         79a8    0       3c
                       lib:sc.lib       stcl_d.o code         79e4    0       3c
                       lib:sc.lib       _stcd_i. code         7a20    0       54
                       lib:sc.lib       stccpy.c code         7a74    0       3c
                       lib:sc.lib       stcarg.c code         7ab0    0       94
                       lib:sc.lib       getpath. code         7b44    0       c4
                       lib:sc.lib       getdfs.c code         7c08    0       e4
                       lib:sc.lib       _iob.c   code         7cec    0      224
                       lib:sc.lib       _getbuff code         7f10    0       48
                       lib:sc.lib       _strupr. code         7f58    0       38
                       lib:sc.lib       _ufb.c   code         7f90    0       7c
                       lib:sc.lib       _write.c code         800c    0      108
                       lib:sc.lib       _read.c  code         8114    0       fc
                       lib:sc.lib       _lseek.c code         8210    0       98
                       lib:sc.lib       _close.c code         82a8    0       70
                       lib:sc.lib       _open.c  code         8318    0      1e0
                       lib:sc.lib       _cxfpe.c code         84f8    0       3c
                       lib:sc.lib       _cxovf.c code         8534    0       a0
                       lib:sc.lib       _CXD33.o code         85d4    0       c4
                       lib:sc.lib       _CXM33.o code         8698    0       20
                       lib:sc.lib       _CXM22.o code         86b8    0       30
                       lib:sc.lib       xcovf.o  code         86e8    0       10
                       lib:sc.lib       _exit.c  code         86f8    1       10
                       lib:sc.lib       _main.c  code         8710    0      188
                       lib:sc.lib       _cxbrk.c code         8898    0      14c
                       lib:sc.lib       _chkufb. code         89e4    0       48
                       lib:sc.lib       _chkabor code         8a2c    0       44
                       lib:sc.lib       clock.c  code         8a70    0      10c
                       lib:sc.lib       strstr.o code         8b7c    0       3c
                       lib:sc.lib       strchr.o code         8bb8    0       18
                       lib:sc.lib       memchr.o code         8bd0    0       24
                       lib:sc.lib       strncmp. code         8bf4    0       30
                       lib:sc.lib       strcat.o code         8c24    0       18
                       lib:sc.lib       strncpy. code         8c3c    0       24
                       lib:sc.lib       memmove. code         8c60    0       2c
                       lib:sc.lib       free.o   code         8c8c    0      16c
                       lib:sc.lib       malloc.o code         8df8    0      174
                       lib:sc.lib       exit.c   code         8f6c    0       28
                       lib:sc.lib       fputc.c  code         8f94    0      184
                       lib:sc.lib       fgets.c  code         9118    0       78
                       lib:sc.lib       fgetc.c  code         9190    0      16c
                       lib:sc.lib       ftell.c  code         92fc    0       90
                       lib:sc.lib       fseek.c  code         938c    0       dc
                       lib:sc.lib       fwrite.c code         9468    0      14c
                       lib:sc.lib       fflush.c code         95b4    0       d8
                       lib:sc.lib       fclose.c code         968c    0       60
Modem.ECP               09-Nov-94 11:58:38  Hunk Section                Page 1-3

 num hunk         size filename         punit    type         base  alv     size
                       lib:sc.lib       freopen. code         96ec    0      13c
                       lib:sc.lib       fopen.c  code         9828    0       6c
                       lib:sc.lib       _sf.c    code         9894    0      178
                       lib:sc.lib       _pf.c    code         9a0c    0       70
                       lib:sc.lib       remove.c code         9a7c    0       30
                       lib:sc.lib       raise.c  code         9aac    0       64
                       lib:sc.lib       signal.c code         9b10    0       34
                       lib:sc.lib       io2errno code         9b44    0       60
                       lib:sc.lib       UNKNOWN  code         9ba4    0       10
                       lib:amiga.lib    <noname> code         9bb4    0       1c
                       lib:amiga.lib    <noname> code         9bd0    0       14
                       lib:amiga.lib    <noname> code         9be4    0       14
                       lib:amiga.lib    <noname> code         9bf8    0       1c
                       lib:amiga.lib    <noname> code         9c14    0       1c
                       lib:amiga.lib    <noname> code         9c30    0       10
                       lib:amiga.lib    <noname> code         9c40    0       1c
                       lib:amiga.lib    <noname> code         9c5c    0       1c
                       lib:amiga.lib    <noname> code         9c78    0       14
                       lib:amiga.lib    <noname> code         9c8c    0       18
                       lib:amiga.lib    <noname> code         9ca4    0       14
                       lib:amiga.lib    <noname> code         9cb8    0       14
                       lib:amiga.lib    <noname> code         9ccc    0       10
                       lib:amiga.lib    <noname> code         9cdc    0       18
                       lib:amiga.lib    <noname> code         9cf4    0       14
                       lib:amiga.lib    <noname> code         9d08    0       18
                       lib:amiga.lib    <noname> code         9d20    0       10
                       lib:amiga.lib    <noname> code         9d30    0       18
                       lib:amiga.lib    <noname> code         9d48    0       14
                       lib:amiga.lib    <noname> code         9d5c    0       14
                       lib:amiga.lib    <noname> code         9d70    0       14
   1 __MERGED      858 ECP_Main.o       ECP_Main data            0    0       9c
                       parsebig.o       parsebig data           9c    0       b0
                       session.o        session. data          14c    0        8
                       cdf.o            cdf.c    data          154    0      1b8
                       ECP_Modem/X_ValS X_ValSes data          30c    0        8
                       ECP_Modem/X_Open X_OpenCo data          314    0       4c
                       ECP_Modem/X_LogO X_LogOn. data          360    0       2c
                       ECP_Modem/X_DoTr X_DoTran data          38c    0       4c
                       ECP_Modem/X_Clos X_CloseC data          3d8    0        4
                       nb:parser.o      parser.c data          3dc    0        c
                       mpri:errors.o    errors.c data          3e8    0       10
                       ECP_Modem/serial serprint data          3f8    0        4
                       ECP_Modem/serial serwork. data          3fc    0      190
                       T:1Z1I4.0000     _ctdt.o  data          58c    0       24
                       lib:sc.lib       mstep.c  data          5b0    0        4
                       lib:sc.lib       sigfunc. data          5b4    0       24
                       lib:sc.lib       ctype.c  data          5d8    0      104
                       lib:sc.lib       _constru data          6dc    0        4
                       lib:sc.lib       stack.c  data          6e0    0        4
                       lib:sc.lib       _iob.c   data          6e4    0       68
                       lib:sc.lib       _buffsiz data          74c    0        4
                       lib:sc.lib       _ufb.c   data          750    0        8
                       lib:sc.lib       _fmode.c data          758    0        8
Modem.ECP               09-Nov-94 11:58:38  Hunk Section                Page 1-4

 num hunk         size filename         punit    type         base  alv     size
                       lib:sc.lib       _cxovf.c data          760    0       3c
                       lib:sc.lib       _cxbrk.c data          79c    0       50
                       lib:sc.lib       exitfunc data          7ec    0        4
                       lib:sc.lib       _stdv36. data          7f0    0       14
                       lib:sc.lib       _stdwin. data          804    0       14
                       lib:sc.lib       io2errno data          818    0       40
                       lib:c.o          c        bss           858    0       28
                       ECP_Main.o       ECP_Main bss           880    0        4
                       mpri:errors.o    errors.c bss           884    0      218
                       ECP_Modem/serial serprint bss           a9c    0       24
                       lib:scm.lib      sscanf.c bss           ac0    0        8
                       lib:scm.lib      printf.c bss           ac8    0        4
                       lib:sc.lib       base.c   bss           acc    0        4
                       lib:sc.lib       stkptr.c bss           ad0    0        4
                       lib:sc.lib       prgname. bss           ad4    0        4
                       lib:sc.lib       _onexit. bss           ad8    0        4
                       lib:sc.lib       oserr.c  bss           adc    0        4
                       lib:sc.lib       curdir.c bss           ae0    0        4
                       lib:sc.lib       wbmsg.c  bss           ae4    0        4
                       lib:sc.lib       errno.c  bss           ae8    0        4
                       lib:sc.lib       memtype. bss           aec    0        4
                       lib:sc.lib       _constru bss           af0    0        4
                       lib:sc.lib       _memclea bss           af4    0        4
                       lib:sc.lib       _iob.c   bss           af8    0       30
                       lib:sc.lib       _ufb.c   bss           b28    0        8
                       lib:sc.lib       _cxfpe.c bss           b30    0        4
                       lib:sc.lib       _main.c  bss           b34    0        c
                       lib:sc.lib       clock.c  bss           b40    0       10
                       lib:sc.lib       stdioptr bss           b50    0        8
