Network.ECP             28-Oct-94 10:44:32  Hunk Section                Page 1-1

 num hunk         size filename         punit    type         base  alv     size
   0 text         47a8 lib:c.o          c        code            0    0      260
                       ECP_Main.o       ECP_Main code          260    0      14c
                       parsebig.o       parsebig code          3ac    0      18c
                       session.o        session. code          538    0      184
                       cdf.o            cdf.c    code          6bc    0      480
                       ECP_Network/X_Va X_ValSes code          b3c    0       38
                       ECP_Network/X_In X_InitCo code          b74    0       10
                       ECP_Network/X_Op X_OpenCo code          b84    0       3c
                       ECP_Network/X_Lo X_LogOn. code          bc0    0       50
                       ECP_Network/X_Do X_DoTran code          c10    0      208
                       ECP_Network/X_Lo X_LogOff code          e18    0       5c
                       ECP_Network/X_Cl X_CloseC code          e74    0       10
                       ECP_Network/X_De X_DeInit code          e84    0       10
                       ECP_Network/netf netfiles code          e94    0      7fc
                       sc:source/_main. _main.c  code         1690    0      12c
                       nb:parser.o      parser.c code         17bc    0      518
                       mpri:errors.o    errors.c code         1cd4    0      298
                       lib:sc.lib       _fpinit. code         1f6c    0       30
                       lib:sc.lib       writes.c code         1f9c    0       38
                       lib:sc.lib       tinyprin code         1fd4    0       e4
                       lib:sc.lib       _MemClea code         20b8    0       80
                       lib:sc.lib       strnicmp code         2138    0       88
                       lib:sc.lib       stricmp  code         21c0    0       3c
                       lib:sc.lib       stpblk   code         21fc    0       1c
                       lib:sc.lib       _stcul_d code         2218    0       30
                       lib:sc.lib       _stcl_o  code         2248    0       30
                       lib:sc.lib       _stcl_h  code         2278    0       3c
                       lib:sc.lib       stcl_d   code         22b4    0       3c
                       lib:sc.lib       _stcd_i  code         22f0    0       54
                       lib:sc.lib       stccpy.c code         2344    0       44
                       lib:sc.lib       stcarg.c code         2388    0       70
                       lib:sc.lib       getdfs.c code         23f8    0       c4
                       lib:sc.lib       _getbuff code         24bc    0       48
                       lib:sc.lib       _strupr. code         2504    0       3c
                       lib:sc.lib       _write.c code         2540    0      100
                       lib:sc.lib       _read.c  code         2640    0       f8
                       lib:sc.lib       _lseek.c code         2738    0       94
                       lib:sc.lib       _close.c code         27cc    0       70
                       lib:sc.lib       _open.c  code         283c    0      1dc
                       lib:sc.lib       _cxd33   code         2a18    0       c4
                       lib:sc.lib       _cxm33   code         2adc    0       20
                       lib:sc.lib       _cxm22   code         2afc    0       30
                       lib:sc.lib       _exit.c  code         2b2c    0       5c
                       lib:sc.lib       _cxbrk.c code         2b88    0      14c
                       lib:sc.lib       _chkufb. code         2cd4    0       4c
                       lib:sc.lib       _chkabor code         2d20    0       50
                       lib:sc.lib       strstr   code         2d70    0       3c
                       lib:sc.lib       strchr   code         2dac    0       18
                       lib:sc.lib       memchr   code         2dc4    0       24
                       lib:sc.lib       strcat   code         2de8    0       18
                       lib:sc.lib       strncpy  code         2e00    0       24
                       lib:sc.lib       memmove  code         2e24    0       2c
                       lib:sc.lib       free     code         2e50    0      16c
Network.ECP             28-Oct-94 10:44:32  Hunk Section                Page 1-2

 num hunk         size filename         punit    type         base  alv     size
                       lib:sc.lib       malloc   code         2fbc    0      174
                       lib:sc.lib       sscanf.c code         3130    0       5c
                       lib:sc.lib       sprintf. code         318c    0       44
                       lib:sc.lib       fprintf. code         31d0    0       a0
                       lib:sc.lib       fputc.c  code         3270    0      174
                       lib:sc.lib       fgets.c  code         33e4    0       78
                       lib:sc.lib       fgetc.c  code         345c    0      168
                       lib:sc.lib       ftell.c  code         35c4    0       90
                       lib:sc.lib       fseek.c  code         3654    0       78
                       lib:sc.lib       fwrite.c code         36cc    0      13c
                       lib:sc.lib       fflush.c code         3808    0       d4
                       lib:sc.lib       fclose.c code         38dc    0       60
                       lib:sc.lib       freopen. code         393c    0      144
                       lib:sc.lib       fopen.c  code         3a80    0       64
                       lib:sc.lib       _sfmt.c  code         3ae4    0      618
                       lib:sc.lib       _pfmt.c  code         40fc    0      438
                       lib:sc.lib       _sf.c    code         4534    0      168
                       lib:sc.lib       _pf.c    code         469c    0       7c
                       lib:sc.lib       remove.c code         4718    0       30
                       lib:sc.lib       io2errno code         4748    0       60
   1 __MERGED      6b0 ECP_Main.o       ECP_Main data            0    0       9c
                       parsebig.o       parsebig data           9c    0       b0
                       session.o        session. data          14c    0        8
                       cdf.o            cdf.c    data          154    0      1b8
                       ECP_Network/X_Va X_ValSes data          30c    0        4
                       ECP_Network/X_Op X_OpenCo data          310    0       2c
                       ECP_Network/X_Do X_DoTran data          33c    0       58
                       ECP_Network/X_Lo X_LogOff data          394    0       2c
                       ECP_Network/netf netfiles data          3c0    0       98
                       nb:parser.o      parser.c data          458    0        c
                       mpri:errors.o    errors.c data          464    0       10
                       lib:sc.lib       mstep.c  data          474    0        4
                       lib:sc.lib       sigfunc. data          478    0       24
                       lib:sc.lib       ctype.c  data          49c    0      104
                       lib:sc.lib       stack.c  data          5a0    0        4
                       lib:sc.lib       _iob.c   data          5a4    0       68
                       lib:sc.lib       _buffsiz data          60c    0        4
                       lib:sc.lib       _ufb.c   data          610    0        8
                       lib:sc.lib       _fmode.c data          618    0        8
                       lib:sc.lib       _cxbrk.c data          620    0       50
                       lib:sc.lib       io2errno data          670    0       40
                       lib:c.o          c        bss           6b0    0       54
                       ECP_Main.o       ECP_Main bss           704    0        4
                       sc:source/_main. _main.c  bss           708    0       8c
                       mpri:errors.o    errors.c bss           794    0      218
                       lib:sc.lib       errno.c  bss           9ac    0        4
                       lib:sc.lib       memheap. bss           9b0    0        4
                       lib:sc.lib       memtype. bss           9b4    0        4
                       lib:sc.lib       dosbase  bss           9b8    0        4
                       lib:sc.lib       _top.c   bss           9bc    0        4
                       lib:sc.lib       _exit.c  bss           9c0    0        4
                       lib:sc.lib       sscanf.c bss           9c4    0        8
