Midi                    26-Oct-94 14:41:52  Hunk Section                Page 1-1

 num hunk         size filename         punit    type         base  alv     size
   0 text         3c84 lib:cres.o       c        code            0    0      2b4
                       WorkMidi.o       workmidi code          2b4    0      650
                       playmidi.o       playmidi code          904    0     1010
                       setup.o          setup.c  code         1914    0      63c
                       inthandler.o     inthandl code         1f50    0      1d8
                       workpageasm.o    workpage code         2128    0       10
                       preview.o        preview. code         2138    0       90
                       lib:/source/_mai _main.c  code         21c8    0      12c
                       demo:gen/support support. code         22f4    0      30c
                       demo:gen/general general. code         2600    0       e4
                       lib:sc.lib       _fpinit. code         26e4    0       30
                       lib:sc.lib       _MemClea code         2714    0       80
                       lib:sc.lib       _stcul_d code         2794    0       30
                       lib:sc.lib       _stcl_o  code         27c4    0       30
                       lib:sc.lib       _stcl_h  code         27f4    0       3c
                       lib:sc.lib       _stcd_i  code         2830    0       54
                       lib:sc.lib       stccpy.c code         2884    0       44
                       lib:sc.lib       stcarg.c code         28c8    0       70
                       lib:sc.lib       _strupr. code         2938    0       3c
                       lib:sc.lib       _cxd33   code         2974    0       c4
                       lib:sc.lib       _cxm22   code         2a38    0       30
                       lib:sc.lib       _exit.c  code         2a68    0       5c
                       lib:sc.lib       strchr   code         2ac4    0       18
                       lib:sc.lib       strcat   code         2adc    0       18
                       lib:sc.lib       memmove  code         2af4    0       2c
                       lib:sc.lib       free     code         2b20    0      16c
                       lib:sc.lib       malloc   code         2c8c    0      174
                       lib:sc.lib       sscanf.c code         2e00    0       5c
                       lib:sc.lib       sprintf. code         2e5c    0       44
                       lib:sc.lib       _sfmt.c  code         2ea0    0      618
                       lib:sc.lib       _pfmt.c  code         34b8    0      438
                       lib:sc.lib       _sf.c    code         38f0    0      168
                       lib:sc.lib       _pf.c    code         3a58    0       7c
                       lib:sc.lib       DelStdIO code         3ad4    0       28
                       lib:sc.lib       DelPort. code         3afc    0       44
                       lib:sc.lib       DelExtIO code         3b40    0       2c
                       lib:sc.lib       CrtStdIO code         3b6c    0       40
                       lib:sc.lib       CrtPort. code         3bac    0       90
                       lib:sc.lib       CrtExtIO code         3c3c    0       48
   1 __MERGED      330 WorkMidi.o       workmidi data            0    0       34
                       playmidi.o       playmidi data           34    0       38
                       setup.o          setup.c  data           6c    0      154
                       inthandler.o     inthandl data          1c0    0       20
                       demo:gen/support support. data          1e0    0       14
                       demo:gen/general general. data          1f4    0        4
                       lib:sc.lib       mstep.c  data          1f8    0        4
                       lib:sc.lib       sigfunc. data          1fc    0       24
                       lib:sc.lib       ctype.c  data          220    0      104
                       lib:sc.lib       stack.c  data          324    0        4
                       lib:sc.lib       _ufb.c   data          328    0        8
                       lib:cres.o       c        bss           330    0       50
                       setup.o          setup.c  bss           380    0        c
                       lib:/source/_mai _main.c  bss           38c    0       8c
Midi                    26-Oct-94 14:41:52  Hunk Section                Page 1-2

 num hunk         size filename         punit    type         base  alv     size
                       demo:gen/support support. bss           418    0      218
                       lib:sc.lib       errno.c  bss           630    0        4
                       lib:sc.lib       memheap. bss           634    0        4
                       lib:sc.lib       memtype. bss           638    0        4
                       lib:sc.lib       dosbase  bss           63c    0        4
                       lib:sc.lib       _top.c   bss           640    0        4
                       lib:sc.lib       _exit.c  bss           644    0        4
                       lib:sc.lib       sscanf.c bss           648    0        8
