main                    17-Apr-93 19:16:11  Hunk Section                Page 1-1

 num hunk         size filename         punit    type         base  alv     size
   0 text        4f708 lib:c.o          c        code            0    4      260
                       main.o           main.c   code          278   22      1e8
                       about.o          about.c  code          4e4    3       5c
                       clock.o          clock.c  code          554    9      430
                       colorfuncs.o     colorfun code          9bc    8      5f8
                       colormisc.o      colormis code          fe4    5     1af0
                       colad2.o         colad2.c code         2af4    3      45c
                       coloradjust.o    coloradj code         2f64    3      740
                       cols32.o         cols32.c code         36b8    3      8e4
                       config.o         config.c code         3fb0   11     2024
                       da.o             da.c     code         6018    4      6d8
                       dblclicked.o     dblclick code         6708   20      6f8
                       debug.o          debug.c  code         6e78    1      56c
                       distributor.o    distribu code         73ec   11      f18
                       dofont.o         dofont.c code         8348    2      188
                       dol.o            dol.c    code         84dc    5     1510
                       dos.o            dos.c    code         9a0c    6      40c
                       dosmisc.o        dosmisc. code         9e3c    9     11e8
                       dostyle.o        dostyle. code         b05c    2      a54
                       drag.o           drag.c   code         babc   12      f2c
                       dragmove.o       dragmove code         ca30    4      4ac
                       duplicator.o     duplicat code         cef4    5      2ec
                       edit.o           edit.c   code         d200    8     122c
                       effect.o         effect.c code         e45c    3     13d4
                       errors.o         errors.c code         f844    5      84c
                       eventhandler.o   eventhan code        100b0   13      234
                       events.o         events.c code        10334   14     1324
                       filethumbs.o     filethum code        116ac   10     152c
                       fonts.o          fonts.c  code        12c14    2      334
                       fontscan.o       fontscan code        12f54    8      6d4
                       formatterm.o     formatte code        13658    0       28
                       fr.o             fr.c     code        13680   11     165c
                       frmisc.o         frmisc.c code        14d20    6      6b8
                       gadgsliders.o    gadgslid code        153fc    7      6ec
                       getxapps.o       getxapps code        15b14    1      9bc
                       globalallocs.o   globalal code        164d8    4      8cc
                       globlab.o        globlab. code        16dbc    5     10fc
                       icon.o           icon.c   code        17ed8    1       cc
                       infowindow.o     infowind code        17fac    8      464
                       import.o         import.c code        18440   33     217c
                       initglobals.o    initglob code        1a684    3      47c
                       initmenus.o      initmenu code        1ab14    0     16b4
                       memory.o         memory.c code        1c1c8    2       c0
                       menus.o          menus.c  code        1c294    0      9ac
                       misc.o           misc.c   code        1cc40    0      9b8
                       nodes.o          nodes.c  code        1d5f8    3      944
                       objedit.o        objedit. code        1df50    5     16e8
                       page.o           page.c   code        1f658   39     1de0
                       pagetalk.o       pagetalk code        21524    5      a84
                       parser.o         parser.c code        21fc8    4      3a8
                       parsetext.o      parsetex code        22388    3      3c0
                       pedit.o          pedit.c  code        2275c   14      de0
                       ptread.o         ptread.c code        23590   10      d90
main                    17-Apr-93 19:16:11  Hunk Section                Page 1-2

 num hunk         size filename         punit    type         base  alv     size
                       ptwrite.o        ptwrite. code        2435c   16     102c
                       pagesetup.o      pagesetu code        253e8    0       7c
                       prefs.o          prefs.c  code        25464    8      5c4
                       print.o          print.c  code        25a58    4       c4
                       prog.o           prog.c   code        25b34   12      d1c
                       releasetwo.o     releaset code        26898    5      7d0
                       rendezvous.o     rendezvo code        27088    2      128
                       screens.o        screens. code        271bc   10      adc
                       screenthumbs.o   screenth code        27cd4    4      7ac
                       script.o         script.c code        28498   27     151c
                       scriptmisc.o     scriptmi code        29a58   20     1a04
                       scripttalk.o     scriptta code        2b4d4   13     1848
                       scrsize.o        scrsize. code        2cd6c    5      844
                       sliders.o        sliders. code        2d5d0   10      78c
                       smallbuttons.o   smallbut code        2dd98    6     2440
                       specials.o       specials code        301fc   14      6c8
                       sprite.o         sprite.c code        30918    0      108
                       stdlist.o        stdlist. code        30a20    4      6dc
                       stread.o         stread.c code        31114   15      588
                       stwrite.o        stwrite. code        316f8    6     1694
                       text.o           text.c   code        32db0   12      5b0
                       textedit.o       textedit code        333a8   39     1cb4
                       timecode.o       timecode code        35148    3      8bc
                       times.o          times.c  code        35a18   15     1884
                       translate.o      translat code        372f8    0      29c
                       transp.o         transp.c code        37594    0      168
                       vectors.o        vectors. code        376fc    0      32c
                       wdwtr.o          wdwtr.c  code        37a28    2     102c
                       windef.o         windef.c code        38a60    8     1e18
                       windows.o        windows. code        3a8a8   17     3208
                       windows2.o       windows2 code        3db18    3     1040
                       windraw1.o       windraw1 code        3eb6c    2      b18
                       windraw2.o       windraw2 code        3f690    2      67c
                       windraw3.o       windraw3 code        3fd18    0      6cc
                       windraw4.o       windraw4 code        403e4    4      438
                       winreq.o         winreq.c code        40834   12      77c
                       xload.o          xload.c  code        40ff8    4      3c0
                       pascal:anim.o    remap.o  code        413d0    0      7a4
                       pascal:bufread.o bufread. code        41b74    0      3c0
                       pascal:fiff.o    remap.o  code        41f34    0      bf4
                       pascal:remap.o   remap.o  code        42b28    0      af8
                       pascal:scale.o   txed.o   code        43620    0      c60
                       pascal:txed.o    txed.o   code        44280    0     1b7c
                       ph:AddGuide.o    addguide code        45dfc    1      448
                       ph:AddModule.o   addmodul code        4624c    0      1f8
                       ph:functions.o   function code        46444    0      104
                       ph:initsegment.o initsegm code        46548    0      558
                       ph:playscript.o  playscri code        46aa0    0      26c
                       ph:proccont.o    proccont code        46d0c    3     214c
                       ph:procinit.o    procinit code        48e6c    0      2d0
                       ph:ProcError.o   procerro code        4913c    1       54
                       ph:LoadSegment.o loadsegm code        49198    0       f4
                       ph:mltool.o      mltool.c code        4928c    0      144
main                    17-Apr-93 19:16:11  Hunk Section                Page 1-3

 num hunk         size filename         punit    type         base  alv     size
                       ph:rexxvars.o    <noname> code        493d0    0      22c
                       ph:rexx.o        rexx.c   code        495fc    0      52c
                       ph:rexxcmd.o     rexxcmd. code        49b28    1      590
                       ml:dongle/dongle dongle.c code        4a0c0    0      134
                       ml:dongle/dongle dongleio code        4a1f4    0      414
                       lib:scm.lib      _sfmt.c  code        4a608    0      6b8
                       lib:scm.lib      _pfmt.c  code        4acc0    0      840
                       lib:scm.lib      sscanf.c code        4b500    0       5c
                       lib:scm.lib      sprintf. code        4b55c    0       44
                       lib:scm.lib      printf.c code        4b5a0    0       7c
                       lib:scm.lib      fscanf.c code        4b61c    0       78
                       lib:scm.lib      fprintf. code        4b694    0       a0
                       lib:scm.lib      _fpinit. code        4b734    0       30
                       lib:scm.lib      _cxvfd   code        4b764    0      404
                       lib:scm.lib      _cxv54   code        4bb68    0      10c
                       lib:scm.lib      _cxv53   code        4bc74    0       b4
                       lib:scm.lib      _cxv45   code        4bd28    0       68
                       lib:scm.lib      _cxv43   code        4bd90    0       d4
                       lib:scm.lib      _cxv35   code        4be64    0       54
                       lib:scm.lib      _cxv34   code        4beb8    0       94
                       lib:scm.lib      _cxspc5  code        4bf4c    0       94
                       lib:scm.lib      _cxren5  code        4bfe0    0       64
                       lib:scm.lib      _cxnrm5  code        4c044    0       9c
                       lib:scm.lib      _cxnrm4  code        4c0e0    0       84
                       lib:scm.lib      _cxm55   code        4c164    0      198
                       lib:scm.lib      _cxfxt5  code        4c2fc    0       ec
                       lib:scm.lib      _cxferr. code        4c3e8    0       10
                       lib:scm.lib      _cxd55   code        4c3f8    0      240
                       lib:scm.lib      _cxc55   code        4c638    0       7c
                       lib:scm.lib      _cxadj5  code        4c6b4    0       84
                       lib:scm.lib      _cxa55   code        4c738    0      250
                       lib:sc.lib       timestr. code        4c988    0       4c
                       lib:sc.lib       _constru code        4c9d4    0       18
                       lib:sc.lib       writes.c code        4c9ec    0       38
                       lib:sc.lib       tinyprin code        4ca24    0       e4
                       lib:sc.lib       _MemClea code        4cb08    0       80
                       lib:sc.lib       tqsort.c code        4cb88    0       30
                       lib:sc.lib       sqsort.c code        4cbb8    0       34
                       lib:sc.lib       lqsort.c code        4cbec    0       34
                       lib:sc.lib       movmem   code        4cc20    0       28
                       lib:sc.lib       _swmem   code        4cc48    0       1c
                       lib:sc.lib       stspfp.c code        4cc64    0       88
                       lib:sc.lib       strsfn.c code        4ccec    0      178
                       lib:sc.lib       strnicmp code        4ce64    0       88
                       lib:sc.lib       strrev.c code        4ceec    0       38
                       lib:sc.lib       strins.c code        4cf24    0       48
                       lib:sc.lib       stricmp  code        4cf6c    0       3c
                       lib:sc.lib       stptok.c code        4cfa8    0       74
                       lib:sc.lib       stpblk   code        4d01c    0       1c
                       lib:sc.lib       _stcul_d code        4d038    0       30
                       lib:sc.lib       _stcl_o  code        4d068    0       30
                       lib:sc.lib       _stcl_h  code        4d098    0       3c
                       lib:sc.lib       stcl_d   code        4d0d4    0       3c
main                    17-Apr-93 19:16:11  Hunk Section                Page 1-4

 num hunk         size filename         punit    type         base  alv     size
                       lib:sc.lib       stcgfp.c code        4d110    0       60
                       lib:sc.lib       _stcd_i  code        4d170    0       54
                       lib:sc.lib       stccpy.c code        4d1c4    0       44
                       lib:sc.lib       stcarg.c code        4d208    0       70
                       lib:sc.lib       getclk.c code        4d278    0      11c
                       lib:sc.lib       getpath. code        4d394    0       bc
                       lib:sc.lib       getcd.c  code        4d450    0      10c
                       lib:sc.lib       _getbuff code        4d55c    0       48
                       lib:sc.lib       _strlwr. code        4d5a4    0       3c
                       lib:sc.lib       _strupr. code        4d5e0    0       3c
                       lib:sc.lib       _write.c code        4d61c    0      100
                       lib:sc.lib       _read.c  code        4d71c    0       f8
                       lib:sc.lib       _lseek.c code        4d814    0       94
                       lib:sc.lib       _close.c code        4d8a8    0       70
                       lib:sc.lib       _open.c  code        4d918    0      1dc
                       lib:sc.lib       _cxfpe.c code        4daf4    0       3c
                       lib:sc.lib       _cxd33   code        4db30    0       c4
                       lib:sc.lib       _cxm33   code        4dbf4    0       20
                       lib:sc.lib       _cxm22   code        4dc14    0       30
                       lib:sc.lib       _exit.c  code        4dc44    1       5c
                       lib:sc.lib       _main.c  code        4dca8    0      2a0
                       lib:sc.lib       _cxbrk.c code        4df48    0      14c
                       lib:sc.lib       _chkufb. code        4e094    0       4c
                       lib:sc.lib       _chkabor code        4e0e0    0       50
                       lib:sc.lib       strchr   code        4e130    0       18
                       lib:sc.lib       memchr   code        4e148    0       24
                       lib:sc.lib       strncmp  code        4e16c    0       30
                       lib:sc.lib       strncat  code        4e19c    0       24
                       lib:sc.lib       strcat   code        4e1c0    0       18
                       lib:sc.lib       strncpy  code        4e1d8    0       24
                       lib:sc.lib       memmove  code        4e1fc    0       2c
                       lib:sc.lib       free     code        4e228    0      16c
                       lib:sc.lib       malloc   code        4e394    0      174
                       lib:sc.lib       qsort.c  code        4e508    0       e0
                       lib:sc.lib       atoi.c   code        4e5e8    0       38
                       lib:sc.lib       exit.c   code        4e620    0       54
                       lib:sc.lib       ungetc.c code        4e674    0       98
                       lib:sc.lib       fputc.c  code        4e70c    0      174
                       lib:sc.lib       fgets.c  code        4e880    0       78
                       lib:sc.lib       fgetc.c  code        4e8f8    0      168
                       lib:sc.lib       fwrite.c code        4ea60    0      13c
                       lib:sc.lib       fflush.c code        4eb9c    0       d4
                       lib:sc.lib       fclose.c code        4ec70    0       60
                       lib:sc.lib       freopen. code        4ecd0    0      144
                       lib:sc.lib       fopen.c  code        4ee14    0       64
                       lib:sc.lib       _sf.c    code        4ee78    0      168
                       lib:sc.lib       _pf.c    code        4efe0    0       7c
                       lib:sc.lib       remove.c code        4f05c    0       30
                       lib:sc.lib       newlist  code        4f08c    0       14
                       lib:sc.lib       DelPort. code        4f0a0    0       44
                       lib:sc.lib       DelExtIO code        4f0e4    0       2c
                       lib:sc.lib       CrtTask. code        4f110    0       ac
                       lib:sc.lib       CrtPort. code        4f1bc    0       90
main                    17-Apr-93 19:16:11  Hunk Section                Page 1-5

 num hunk         size filename         punit    type         base  alv     size
                       lib:sc.lib       CrtExtIO code        4f24c    0       48
                       lib:sc.lib       raise.c  code        4f294    0       64
                       lib:sc.lib       signal.c code        4f2f8    0       38
                       lib:sc.lib       autoopen code        4f330    1      154
                       lib:sc.lib       iconlib. code        4f48c    0       58
                       lib:sc.lib       io2errno code        4f4e4    0       60
                       lib:sc.lib       main     code        4f544    0       10
                       lib:amiga.lib    <noname> code        4f554    0       14
                       lib:amiga.lib    <noname> code        4f568    0       1c
                       lib:amiga.lib    <noname> code        4f584    0       20
                       lib:amiga.lib    <noname> code        4f5a4    0       14
                       lib:amiga.lib    <noname> code        4f5b8    0       1c
                       lib:amiga.lib    <noname> code        4f5d4    0       20
                       lib:amiga.lib    <noname> code        4f5f4    0       20
                       lib:amiga.lib    <noname> code        4f614    0       18
                       lib:amiga.lib    <noname> code        4f62c    0       1c
                       lib:amiga.lib    <noname> code        4f648    0       14
                       lib:amiga.lib    <noname> code        4f65c    0       18
                       lib:amiga.lib    <noname> code        4f674    0       14
                       lib:debug.lib    <noname> code        4f688    0       80
   1 chip         3004 globalallocs.o   globalal datachip        0    0     2ed4
                       initglobals.o    initglob datachip     2ed4    0       10
                       sprite.o         sprite.c datachip     2ee4    0      120
   2 __MERGED     7ce4 main.o           main.c   data            0    0     4610
                       about.o          about.c  data         4610    0        8
                       clock.o          clock.c  data         4618    0       28
                       colormisc.o      colormis data         4640    0       dc
                       colad2.o         colad2.c data         471c    0       14
                       config.o         config.c data         4730    0      7d4
                       da.o             da.c     data         4f04    0       10
                       debug.o          debug.c  data         4f14    0       18
                       distributor.o    distribu data         4f2c    0       24
                       dofont.o         dofont.c data         4f50    0        8
                       dol.o            dol.c    data         4f58    0       b4
                       dos.o            dos.c    data         500c    0       34
                       dosmisc.o        dosmisc. data         5040    0       74
                       dostyle.o        dostyle. data         50b4    0       60
                       drag.o           drag.c   data         5114    0        c
                       duplicator.o     duplicat data         5120    0        4
                       edit.o           edit.c   data         5124    0       18
                       effect.o         effect.c data         513c    0       94
                       errors.o         errors.c data         51d0    0       6c
                       eventhandler.o   eventhan data         523c    0       4c
                       events.o         events.c data         5288    0       48
                       filethumbs.o     filethum data         52d0    0       28
                       fonts.o          fonts.c  data         52f8    0       7c
                       fontscan.o       fontscan data         5374    0       30
                       fr.o             fr.c     data         53a4    0       58
                       gadgsliders.o    gadgslid data         53fc    0        8
                       getxapps.o       getxapps data         5404    0       8c
                       globalallocs.o   globalal data         5490    0       20
                       globlab.o        globlab. data         54b0    0      484
                       icon.o           icon.c   data         5934    0       70
main                    17-Apr-93 19:16:11  Hunk Section                Page 1-6

 num hunk         size filename         punit    type         base  alv     size
                       infowindow.o     infowind data         59a4    0       14
                       import.o         import.c data         59b8    0       ac
                       initglobals.o    initglob data         5a64    0      228
                       initmenus.o      initmenu data         5c8c    0       18
                       misc.o           misc.c   data         5ca4    0       28
                       objedit.o        objedit. data         5ccc    0       30
                       page.o           page.c   data         5cfc    0       ec
                       pagetalk.o       pagetalk data         5de8    0      104
                       parser.o         parser.c data         5eec    0        c
                       parsetext.o      parsetex data         5ef8    0        c
                       ptread.o         ptread.c data         5f04    0       f4
                       ptwrite.o        ptwrite. data         5ff8    0      1fc
                       pagesetup.o      pagesetu data         61f4    0        c
                       prefs.o          prefs.c  data         6200    0       14
                       print.o          print.c  data         6214    0        8
                       prog.o           prog.c   data         621c    0       14
                       releasetwo.o     releaset data         6230    0       34
                       rendezvous.o     rendezvo data         6264    0       10
                       screens.o        screens. data         6274    0       a8
                       screenthumbs.o   screenth data         631c    0       14
                       scriptmisc.o     scriptmi data         6330    0       e4
                       scripttalk.o     scriptta data         6414    0      348
                       scrsize.o        scrsize. data         675c    0       50
                       smallbuttons.o   smallbut data         67ac    0       d4
                       sprite.o         sprite.c data         6880    0        4
                       stdlist.o        stdlist. data         6884    0        4
                       stwrite.o        stwrite. data         6888    0      58c
                       text.o           text.c   data         6e14    0       30
                       textedit.o       textedit data         6e44    0       28
                       timecode.o       timecode data         6e6c    0       14
                       times.o          times.c  data         6e80    0      348
                       translate.o      translat data         71c8    0       18
                       wdwtr.o          wdwtr.c  data         71e0    0       60
                       windef.o         windef.c data         7240    0       1c
                       windows.o        windows. data         725c    0       24
                       windraw1.o       windraw1 data         7280    0       84
                       windraw2.o       windraw2 data         7304    0       20
                       winreq.o         winreq.c data         7324    0        4
                       xload.o          xload.c  data         7328    0        c
                       ph:AddModule.o   addmodul data         7334    0       1c
                       ph:initsegment.o initsegm data         7350    0       60
                       ph:playscript.o  playscri data         73b0    0       38
                       ph:proccont.o    proccont data         73e8    0       d0
                       ph:procinit.o    procinit data         74b8    0      10c
                       ph:ProcError.o   procerro data         75c4    0      100
                       ph:mltool.o      mltool.c data         76c4    0       3c
                       ph:rexx.o        rexx.c   data         7700    0       54
                       ph:rexxcmd.o     rexxcmd. data         7754    0      268
                       ml:dongle/dongle dongle.c data         79bc    0       30
                       T:12IG5.0000     _ctdt.o  data         79ec    0       14
                       lib:sc.lib       mstep.c  data         7a00    0        4
                       lib:sc.lib       timestr. data         7a04    0       58
                       lib:sc.lib       sigfunc. data         7a5c    0       24
main                    17-Apr-93 19:16:11  Hunk Section                Page 1-7

 num hunk         size filename         punit    type         base  alv     size
                       lib:sc.lib       ctype.c  data         7a80    0      104
                       lib:sc.lib       _constru data         7b84    0        4
                       lib:sc.lib       stack.c  data         7b88    0        4
                       lib:sc.lib       _iob.c   data         7b8c    0       68
                       lib:sc.lib       _buffsiz data         7bf4    0        4
                       lib:sc.lib       _ufb.c   data         7bf8    0        8
                       lib:sc.lib       _fmode.c data         7c00    0        8
                       lib:sc.lib       _cxbrk.c data         7c08    0       50
                       lib:sc.lib       exitfunc data         7c58    0        4
                       lib:sc.lib       CrtTask. data         7c5c    0       20
                       lib:sc.lib       _stdv36. data         7c7c    0       14
                       lib:sc.lib       _stdwin. data         7c90    0       14
                       lib:sc.lib       io2errno data         7ca4    0       40
                       lib:c.o          c        bss          7ce4    0       54
                       clock.o          clock.c  bss          7d38    0       28
                       colormisc.o      colormis bss          7d60    0        c
                       dosmisc.o        dosmisc. bss          7d6c    0      200
                       dostyle.o        dostyle. bss          7f6c    0       b4
                       effect.o         effect.c bss          8020    0        c
                       errors.o         errors.c bss          802c    0      218
                       filethumbs.o     filethum bss          8244    0       18
                       fontscan.o       fontscan bss          825c    0        8
                       getxapps.o       getxapps bss          8264    0       28
                       globlab.o        globlab. bss          828c    0      100
                       initglobals.o    initglob bss          838c    0     1ca4
                       page.o           page.c   bss          a030    0       8c
                       ptread.o         ptread.c bss          a0bc    0       34
                       screenthumbs.o   screenth bss          a0f0    0        8
                       smallbuttons.o   smallbut bss          a0f8    0       1c
                       text.o           text.c   bss          a114    0       8c
                       textedit.o       textedit bss          a1a0    0       74
                       translate.o      translat bss          a214    0        4
                       winreq.o         winreq.c bss          a218    0       10
                       ph:playscript.o  playscri bss          a228    0        8
                       ph:proccont.o    proccont bss          a230    0      264
                       ph:rexx.o        rexx.c   bss          a494    0       a0
                       ph:rexxcmd.o     rexxcmd. bss          a534    0       64
                       ml:dongle/dongle dongleio bss          a598    0        8
                       lib:scm.lib      sscanf.c bss          a5a0    0        8
                       lib:scm.lib      printf.c bss          a5a8    0        4
                       lib:scm.lib      fscanf.c bss          a5ac    0        8
                       lib:sc.lib       errno.c  bss          a5b4    0        4
                       lib:sc.lib       memheap. bss          a5b8    0        4
                       lib:sc.lib       memtype. bss          a5bc    0        4
                       lib:sc.lib       dosbase  bss          a5c0    0        4
                       lib:sc.lib       _top.c   bss          a5c4    0        4
                       lib:sc.lib       _exit.c  bss          a5c8    0        4
                       lib:sc.lib       _main.c  bss          a5cc    0       c8
                       lib:sc.lib       oslibver bss          a694    0        4
                       lib:sc.lib       iconlib. bss          a698    0        8
