MediaPoint              08-Nov-94 13:06:38  Hunk Section                Page 1-1

 num hunk         size filename         punit    type         base  alv     size
   0 text        74b70 lib:c.o          c        code            0    4      260
                       MediaPoint.o     mediapoi code          278   25      1d0
                       nb:mpplayer/dong dongle1. code          4e0    0       20
                       nb:mpplayer/dong CHECK.S  code          500    0      4e8
                       about.o          about.c  code          9e8    0       50
                       backwin.o        backwin. code          a38    8      654
                       bgm.o            bgm.c    code         10bc    4      16c
                       clipanim.o       clipanim code         1240    1      330
                       clock.o          clock.c  code         1578    8      48c
                       colorfuncs.o     colorfun code         1a34    9      96c
                       colormisc.o      colormis code         23d8   11     1f10
                       colad2.o         colad2.c code         432c    2      9f0
                       coloradjust.o    coloradj code         4d28   10      b00
                       cols32.o         cols32.c code         5864    1      ad8
                       commod.o         commod.c code         6344    2      264
                       config.o         config.c code         65b4   10     1d04
                       crawl.o          crawl.c  code         82f4   10      be4
                       da.o             da.c     code         8f14    2      6c0
                       dbase.o          dbase.c  code         95e0    2      6a0
                       dbase_funcs.o    dbase_fu code         9c8c    4      57c
                       dblclicked.o     dblclick code         a220   25      954
                       debug.o          debug.c  code         ac0c    0      580
                       demomsg.o        demomsg. code         b18c    0       18
                       distributor.o    distribu code         b1a4    5     1368
                       dofont.o         dofont.c code         c52c    2      298
                       dol.o            dol.c    code         c7d0   14     1bf8
                       dos.o            dos.c    code         e41c    3      2bc
                       dosmisc.o        dosmisc. code         e6ec    4     1018
                       dostyle1.o       dostyle1 code         f71c    0      148
                       dostyle2.o       dostyle2 code         f864    9      cb8
                       drag.o           drag.c   code        10554   11     134c
                       dragmove.o       dragmove code        118e4    3      6bc
                       duplicator.o     duplicat code        11fb4    5      2e4
                       edit.o           edit.c   code        122b8   10     1568
                       effect.o         effect.c code        1385c   11     1c64
                       effect2.o        effect2. code        15504    4      ff8
                       errors.o         errors.c code        16514    5      3d8
                       eventhandler.o   eventhan code        1690c   26      2f4
                       events.o         events.c code        16c9c    5      6cc
                       filethumbs.o     filethum code        17388   17     1930
                       fonts.o          fonts.c  code        18d20    1      444
                       formatterm.o     formatte code        1916c    0       28
                       fr.o             fr.c     code        19194    6     1e88
                       getxapps.o       getxapps code        1b040    4      f9c
                       globalallocs.o   globalal code        1bff4    5      aec
                       globlab.o        globlab. code        1cb00    4     1440
                       icon.o           icon.c   code        1df58    3      1b4
                       import.o         import.c code        1e120    3      3d4
                       import2.o        import2. code        1e508    8      b04
                       import_pic.o     import_p code        1f03c   16      d48
                       import_scr.o     import_s code        1fde4   17      5ac
                       initglobals.o    initglob code        203f8   10      9b8
                       initmenus.o      initmenu code        20dec    0     1e84
MediaPoint              08-Nov-94 13:06:38  Hunk Section                Page 1-2

 num hunk         size filename         punit    type         base  alv     size
                       inputsettings.o  inputset code        22c70    4      424
                       inslit.o         inslit.c code        230ac    0      6b0
                       interact.o       interact code        2375c   20     2300
                       nb:mpplayer/dong dongle2. code        25ad4    1       10
                       localedate.o     localeda code        25aec    3      2c4
                       memory.o         memory.c code        25dc4    0       40
                       menubar.o        menubar. code        25e04    7     1414
                       menus.o          menus.c  code        27244    0      9fc
                       misc.o           misc.c   code        27c40    0      440
                       monitors1.o      monitors code        28080    1      d10
                       monloc.o         monloc.c code        28d98    2      ba4
                       nodes.o          nodes.c  code        29948    3      d9c
                       objedit.o        objedit. code        2a6f8    9     1cf4
                       opticols.o       opticols code        2c424   12     10cc
                       page.o           page.c   code        2d538   73     33e4
                       pagetalk.o       pagetalk code        30ad4    8     143c
                       parser.o         parser.c code        31f40    5      518
                       parsetext.o      parsetex code        32478    3      4dc
                       pedit.o          pedit.c  code        32968   15     133c
                       ptread.o         ptread.c code        33d00   15      c8c
                       ptwrite.o        ptwrite. code        349e8    7     114c
                       pagesetup.o      pagesetu code        35b60    0       60
                       prefs.o          prefs.c  code        35bc0   15      b08
                       print.o          print.c  code        36724    2      110
                       prog.o           prog.c   code        36840   18      cac
                       ra.o             ra.c     code        37558    1       48
                       rdwrcols.o       rdwrcols code        375a8    8      2a8
                       releasetwo.o     releaset code        37880    3      6c8
                       rendezvous.o     rendezvo code        37f5c    4      160
                       saveclips.o      saveclip code        380d4    8      5b0
                       screens.o        screens. code        386b4   20     192c
                       screenthumbs.o   screenth code        3a058    9      d5c
                       script.o         script.c code        3adec   60     297c
                       scriptmisc.o     scriptmi code        3d8d0   18     12fc
                       scripttalk.o     scriptta code        3ec38   15     1fbc
                       scrman.o         scrman.c code        40c50    7      27c
                       scrsize.o        scrsize. code        40ef8    4      e4c
                       settime.o        settime. code        41d5c   20     1de8
                       sliders.o        sliders. code        43bbc    6      790
                       specials.o       specials code        44370   28     1b6c
                       stread.o         stread.c code        45f84   22      8c8
                       stwrite.o        stwrite. code        468d0   15     1aa0
                       tctweak.o        tctweak. code        483cc    1      e68
                       text.o           text.c   code        4923c   10      7a8
                       textedit.o       textedit code        49a20   41     1b40
                       timecode.o       timecode code        4b658    1      9d0
                       times.o          times.c  code        4c030   16     1ba4
                       translate.o      translat code        4dc34    0      438
                       transp.o         transp.c code        4e06c    2      8d8
                       nb:mpplayer/dong dongle3. code        4e950    1       10
                       varpath.o        VarPath. code        4e968    3      85c
                       varparse.o       varparse code        4f1d8    8     217c
                       vars.o           vars.c   code        51384    7     1850
MediaPoint              08-Nov-94 13:06:38  Hunk Section                Page 1-3

 num hunk         size filename         punit    type         base  alv     size
                       wdwtr.o          wdwtr.c  code        52c00    8      f50
                       windef1.o        windef1. code        53b80    5     1b04
                       windef2.o        windef2. code        556a4   14     1920
                       windows.o        windows. code        57018   24     3328
                       windows2.o       windows2 code        5a3d0    7     11fc
                       windraw2.o       windraw2 code        5b5f8    7     1744
                       windraw4.o       windraw4 code        5cd68    1      360
                       windraw5.o       windraw5 code        5d0d0    2      a54
                       winreq.o         winreq.c code        5db30    0       50
                       xappinfo.o       XappInfo code        5db80    3      874
                       xload.o          xload.c  code        5e408   12      4b0
                       nb:mpplayer/dong dongle4. code        5e900    0       10
                       gen:bltbitmapfm. <noname> code        5e910    0      1a8
                       wm:fakerun.o     <noname> code        5eab8    0      280
                       nb:cees/colorred <noname> code        5ed38    0      900
                       nb:mpplayer/dong dongle5. code        5f638    1       10
                       pascal:bufread.o bufread. code        5f650    0       e0
                       pascal:fiff.o    fiff.a   code        5f730    0      af8
                       pascal:scarem.o  scarem.a code        60228    0      c0c
                       pascal:txed.o    txed.a   code        60e34    1     170c
                       pascal:dither.o  dither.a code        62548    0     50b4
                       pascal:txedtools txedtool code        675fc    3      850
                       pascal:antialias antialia code        67e60    0      7b0
                       pascal:colsearch colsearc code        68610    0      f10
                       ph:AddGuide.o    addguide code        69520    1      41c
                       ph:AddModule.o   addmodul code        69944    0      1e8
                       ph:functions.o   function code        69b2c    0      104
                       ph:initsegment.o initsegm code        69c30    1      5b8
                       ph:playscript.o  playscri code        6a1f0    0      304
                       ph:proccont.o    proccont code        6a4f4    4     2644
                       ph:procinit.o    procinit code        6cb50    0      788
                       ph:ProcError.o   procerro code        6d2d8    0       6c
                       ph:LoadSegment.o loadsegm code        6d344    0      104
                       ph:mltool.o      mltool.c code        6d448    1      12c
                       ph:rexxvars.o    <noname> code        6d57c    0      22c
                       ph:rexx.o        rexx.c   code        6d7a8    0      538
                       ph:rexxcmd.o     rexxcmd. code        6dce0    1      678
                       fakekprintf.o    fakekpri code        6e360    0        c
                       lib:scm.lib      _sfmt.c  code        6e36c    0      6b8
                       lib:scm.lib      _pfmt.c  code        6ea24    0      840
                       lib:scm.lib      sscanf.c code        6f264    0       5c
                       lib:scm.lib      sprintf. code        6f2c0    0       44
                       lib:scm.lib      fscanf.c code        6f304    0       78
                       lib:scm.lib      fprintf. code        6f37c    0       a0
                       lib:scm.lib      _fpinit. code        6f41c    0       30
                       lib:scm.lib      _cxvfd   code        6f44c    0      404
                       lib:scm.lib      _cxv54   code        6f850    0      10c
                       lib:scm.lib      _cxv53   code        6f95c    0       b4
                       lib:scm.lib      _cxv45   code        6fa10    0       68
                       lib:scm.lib      _cxv43   code        6fa78    0       d4
                       lib:scm.lib      _cxv35   code        6fb4c    0       54
                       lib:scm.lib      _cxv34   code        6fba0    0       94
                       lib:scm.lib      _cxspc5  code        6fc34    0       94
MediaPoint              08-Nov-94 13:06:38  Hunk Section                Page 1-4

 num hunk         size filename         punit    type         base  alv     size
                       lib:scm.lib      _cxren5  code        6fcc8    0       64
                       lib:scm.lib      _cxnrm5  code        6fd2c    0       9c
                       lib:scm.lib      _cxnrm4  code        6fdc8    0       84
                       lib:scm.lib      _cxm55   code        6fe4c    0      198
                       lib:scm.lib      _cxfxt5  code        6ffe4    0       ec
                       lib:scm.lib      _cxferr. code        700d0    0       10
                       lib:scm.lib      _cxd55   code        700e0    0      240
                       lib:scm.lib      _cxc55   code        70320    0       7c
                       lib:scm.lib      _cxadj5  code        7039c    0       84
                       lib:scm.lib      _cxa55   code        70420    0      250
                       lib:sc.lib       clocale. code        70670    0       f0
                       lib:sc.lib       timestr. code        70760    0       4c
                       lib:sc.lib       _constru code        707ac    0       18
                       lib:sc.lib       _MemClea code        707c4    0       80
                       lib:sc.lib       lqsort.c code        70844    0       34
                       lib:sc.lib       _swmem   code        70878    0       1c
                       lib:sc.lib       stspfp.c code        70894    0       88
                       lib:sc.lib       strnicmp code        7091c    0       88
                       lib:sc.lib       strrev.c code        709a4    0       38
                       lib:sc.lib       strins.c code        709dc    0       48
                       lib:sc.lib       stricmp  code        70a24    0       3c
                       lib:sc.lib       stptok.c code        70a60    0       74
                       lib:sc.lib       stpblk   code        70ad4    0       1c
                       lib:sc.lib       _stcul_d code        70af0    0       30
                       lib:sc.lib       _stcl_o  code        70b20    0       30
                       lib:sc.lib       _stcl_h  code        70b50    0       3c
                       lib:sc.lib       stcl_d   code        70b8c    0       3c
                       lib:sc.lib       stcgfp.c code        70bc8    0       60
                       lib:sc.lib       _stcd_i  code        70c28    0       54
                       lib:sc.lib       stccpy.c code        70c7c    0       44
                       lib:sc.lib       stcarg.c code        70cc0    0       70
                       lib:sc.lib       getpath. code        70d30    0       bc
                       lib:sc.lib       getdfs.c code        70dec    0       c4
                       lib:sc.lib       _getbuff code        70eb0    0       48
                       lib:sc.lib       _strlwr. code        70ef8    0       3c
                       lib:sc.lib       _strupr. code        70f34    0       3c
                       lib:sc.lib       _write.c code        70f70    0      100
                       lib:sc.lib       _read.c  code        71070    0       f8
                       lib:sc.lib       _lseek.c code        71168    0       94
                       lib:sc.lib       _close.c code        711fc    0       70
                       lib:sc.lib       _open.c  code        7126c    0      1dc
                       lib:sc.lib       _cxfpe.c code        71448    0       3c
                       lib:sc.lib       _cxd33   code        71484    0       c4
                       lib:sc.lib       _cxm33   code        71548    0       20
                       lib:sc.lib       _cxm22   code        71568    0       30
                       lib:sc.lib       _exit.c  code        71598    1       5c
                       lib:sc.lib       _main.c  code        715fc    0      2a0
                       lib:sc.lib       _cxbrk.c code        7189c    0      14c
                       lib:sc.lib       _chkufb. code        719e8    0       4c
                       lib:sc.lib       _chkabor code        71a34    0       50
                       lib:sc.lib       _tzset.c code        71a84    0       9c
                       lib:sc.lib       strftime code        71b20    0      574
                       lib:sc.lib       localtim code        72094    0       3c
MediaPoint              08-Nov-94 13:06:38  Hunk Section                Page 1-5

 num hunk         size filename         punit    type         base  alv     size
                       lib:sc.lib       gmtime.c code        720d0    0      138
                       lib:sc.lib       time.c   code        72208    0       74
                       lib:sc.lib       strchr   code        7227c    0       18
                       lib:sc.lib       memchr   code        72294    0       24
                       lib:sc.lib       strncmp  code        722b8    0       30
                       lib:sc.lib       strncat  code        722e8    0       24
                       lib:sc.lib       strcat   code        7230c    0       18
                       lib:sc.lib       strncpy  code        72324    0       24
                       lib:sc.lib       memmove  code        72348    0       2c
                       lib:sc.lib       realloc. code        72374    0       88
                       lib:sc.lib       free     code        723fc    0      16c
                       lib:sc.lib       malloc   code        72568    0      174
                       lib:sc.lib       qsort.c  code        726dc    0       e0
                       lib:sc.lib       _getenv. code        727bc    0      118
                       lib:sc.lib       atoi.c   code        728d4    0       38
                       lib:sc.lib       exit.c   code        7290c    0       54
                       lib:sc.lib       ungetc.c code        72960    0       98
                       lib:sc.lib       fgets.c  code        729f8    0       78
                       lib:sc.lib       fgetc.c  code        72a70    0      168
                       lib:sc.lib       fwrite.c code        72bd8    0      13c
                       lib:sc.lib       fflush.c code        72d14    0       d4
                       lib:sc.lib       fclose.c code        72de8    0       60
                       lib:sc.lib       freopen. code        72e48    0      144
                       lib:sc.lib       fopen.c  code        72f8c    0       64
                       lib:sc.lib       _sf.c    code        72ff0    0      168
                       lib:sc.lib       _pf.c    code        73158    0       7c
                       lib:sc.lib       remove.c code        731d4    0       30
                       lib:sc.lib       newlist  code        73204    0       14
                       lib:sc.lib       DelPort. code        73218    0       44
                       lib:sc.lib       DelExtIO code        7325c    0       2c
                       lib:sc.lib       CrtTask. code        73288    0       ac
                       lib:sc.lib       CrtPort. code        73334    0       90
                       lib:sc.lib       CrtExtIO code        733c4    0       48
                       lib:sc.lib       raise.c  code        7340c    0       64
                       lib:sc.lib       signal.c code        73470    0       38
                       lib:sc.lib       autoopen code        734a8    1      154
                       lib:sc.lib       iconlib. code        73604    0       58
                       lib:sc.lib       io2errno code        7365c    0       60
                       lib:sc.lib       main     code        736bc    0       10
                       lib:amiga.lib    <noname> code        736cc    0       1c
                       lib:amiga.lib    <noname> code        736e8    0       18
                       lib:amiga.lib    <noname> code        73700    0       1c
                       lib:amiga.lib    <noname> code        7371c    0       1c
                       lib:amiga.lib    <noname> code        73738    0       1c
                       lib:amiga.lib    <noname> code        73754    0       18
                       lib:amiga.lib    <noname> code        7376c    0       18
                       lib:amiga.lib    <noname> code        73784    0       18
                       lib:amiga.lib    <noname> code        7379c    0       14
                       lib:amiga.lib    <noname> code        737b0    0       18
                       lib:amiga.lib    <noname> code        737c8    0       14
                       pascal:toolslib/ textfunc code        737dc    0      2f4
                       pascal:toolslib/ PlanarTo code        73ad0    0      538
                       pascal:toolslib/ ChunkyTo code        74008    0      468
MediaPoint              08-Nov-94 13:06:38  Hunk Section                Page 1-6

 num hunk         size filename         punit    type         base  alv     size
                       pascal:toolslib/ SetRGBCM code        74470    0       48
                       pascal:toolslib/ palettes code        744b8    0       4c
                       pascal:toolslib/ math32bi code        74504    0       b8
                       pascal:toolslib/ GetRGB.a code        745bc    0       c0
                       pascal:toolslib/ getbitma code        7467c    0       ac
                       pascal:toolslib/ allocpla code        74728    0      3fc
                       pascal:toolslib/ allocmem code        74b24    0       4c
   1 data          344 MediaPoint.o     mediapoi data            0    0      344
   2 chip         2e94 globalallocs.o   globalal datachip        0    0     2ce8
                       icon.o           icon.c   datachip     2ce8    0       80
                       initglobals.o    initglob datachip     2d68    0      12c
   3 __MERGED     9830 MediaPoint.o     mediapoi data            0    0     50bc
                       nb:mpplayer/dong dongle1. data         50bc    0       24
                       about.o          about.c  data         50e0    0        8
                       backwin.o        backwin. data         50e8    0        c
                       bgm.o            bgm.c    data         50f4    0       14
                       clock.o          clock.c  data         5108    0       28
                       colormisc.o      colormis data         5130    0       bc
                       colad2.o         colad2.c data         51ec    0       10
                       coloradjust.o    coloradj data         51fc    0       14
                       commod.o         commod.c data         5210    0       7c
                       config.o         config.c data         528c    0      994
                       crawl.o          crawl.c  data         5c20    0       38
                       da.o             da.c     data         5c58    0       10
                       dbase.o          dbase.c  data         5c68    0       5c
                       dbase_funcs.o    dbase_fu data         5cc4    0        c
                       dblclicked.o     dblclick data         5cd0    0       20
                       distributor.o    distribu data         5cf0    0        c
                       dofont.o         dofont.c data         5cfc    0        8
                       dol.o            dol.c    data         5d04    0       c8
                       dos.o            dos.c    data         5dcc    0       1c
                       dosmisc.o        dosmisc. data         5de8    0       f0
                       duplicator.o     duplicat data         5ed8    0        4
                       effect.o         effect.c data         5edc    0       98
                       effect2.o        effect2. data         5f74    0       10
                       errors.o         errors.c data         5f84    0       44
                       eventhandler.o   eventhan data         5fc8    0        4
                       events.o         events.c data         5fcc    0       24
                       filethumbs.o     filethum data         5ff0    0       34
                       fonts.o          fonts.c  data         6024    0       c8
                       fr.o             fr.c     data         60ec    0        4
                       getxapps.o       getxapps data         60f0    0       d0
                       globalallocs.o   globalal data         61c0    0       20
                       globlab.o        globlab. data         61e0    0      654
                       icon.o           icon.c   data         6834    0       f0
                       import.o         import.c data         6924    0        4
                       import2.o        import2. data         6928    0       5c
                       import_pic.o     import_p data         6984    0        8
                       initglobals.o    initglob data         698c    0      6bc
                       initmenus.o      initmenu data         7048    0       30
                       inslit.o         inslit.c data         7078    0        4
                       interact.o       interact data         707c    0      13c
                       localedate.o     localeda data         71b8    0      100
MediaPoint              08-Nov-94 13:06:38  Hunk Section                Page 1-7

 num hunk         size filename         punit    type         base  alv     size
                       menubar.o        menubar. data         72b8    0       10
                       monitors1.o      monitors data         72c8    0       20
                       monloc.o         monloc.c data         72e8    0       58
                       nodes.o          nodes.c  data         7340    0       10
                       objedit.o        objedit. data         7350    0       40
                       page.o           page.c   data         7390    0        8
                       pagetalk.o       pagetalk data         7398    0      228
                       parser.o         parser.c data         75c0    0        c
                       parsetext.o      parsetex data         75cc    0        c
                       pedit.o          pedit.c  data         75d8    0        4
                       ptread.o         ptread.c data         75dc    0        8
                       ptwrite.o        ptwrite. data         75e4    0      298
                       pagesetup.o      pagesetu data         787c    0        c
                       prefs.o          prefs.c  data         7888    0        8
                       print.o          print.c  data         7890    0        8
                       prog.o           prog.c   data         7898    0       14
                       ra.o             ra.c     data         78ac    0       10
                       rdwrcols.o       rdwrcols data         78bc    0       18
                       releasetwo.o     releaset data         78d4    0       28
                       rendezvous.o     rendezvo data         78fc    0       10
                       saveclips.o      saveclip data         790c    0       64
                       screens.o        screens. data         7970    0       ac
                       screenthumbs.o   screenth data         7a1c    0       24
                       script.o         script.c data         7a40    0       20
                       scriptmisc.o     scriptmi data         7a60    0       c8
                       scripttalk.o     scriptta data         7b28    0      3f8
                       scrman.o         scrman.c data         7f20    0       54
                       scrsize.o        scrsize. data         7f74    0       50
                       settime.o        settime. data         7fc4    0       10
                       specials.o       specials data         7fd4    0       5c
                       stread.o         stread.c data         8030    0        c
                       stwrite.o        stwrite. data         803c    0      45c
                       tctweak.o        tctweak. data         8498    0       cc
                       textedit.o       textedit data         8564    0       24
                       timecode.o       timecode data         8588    0       14
                       times.o          times.c  data         859c    0      378
                       translate.o      translat data         8914    0       c4
                       varpath.o        VarPath. data         89d8    0       64
                       varparse.o       varparse data         8a3c    0      320
                       vars.o           vars.c   data         8d5c    0       60
                       wdwtr.o          wdwtr.c  data         8dbc    0       10
                       windef2.o        windef2. data         8dcc    0       10
                       windraw2.o       windraw2 data         8ddc    0       58
                       xappinfo.o       XappInfo data         8e34    0       f8
                       xload.o          xload.c  data         8f2c    0        c
                       pascal:txedtools txedtool data         8f38    0        8
                       ph:AddGuide.o    addguide data         8f40    0       14
                       ph:initsegment.o initsegm data         8f54    0       58
                       ph:proccont.o    proccont data         8fac    0       e8
                       ph:procinit.o    procinit data         9094    0       30
                       ph:mltool.o      mltool.c data         90c4    0       14
                       ph:rexx.o        rexx.c   data         90d8    0       58
                       ph:rexxcmd.o     rexxcmd. data         9130    0      26c
MediaPoint              08-Nov-94 13:06:38  Hunk Section                Page 1-8

 num hunk         size filename         punit    type         base  alv     size
                       T:X02M4.0000     _ctdt.o  data         939c    0       14
                       lib:sc.lib       mstep.c  data         93b0    0        4
                       lib:sc.lib       clocale. data         93b4    0      170
                       lib:sc.lib       locale.c data         9524    0       24
                       lib:sc.lib       tzinfo.c data         9548    0        8
                       lib:sc.lib       timestr. data         9550    0       58
                       lib:sc.lib       sigfunc. data         95a8    0       24
                       lib:sc.lib       ctype.c  data         95cc    0      104
                       lib:sc.lib       _constru data         96d0    0        4
                       lib:sc.lib       stack.c  data         96d4    0        4
                       lib:sc.lib       _iob.c   data         96d8    0       68
                       lib:sc.lib       _buffsiz data         9740    0        4
                       lib:sc.lib       _ufb.c   data         9744    0        8
                       lib:sc.lib       _fmode.c data         974c    0        8
                       lib:sc.lib       _cxbrk.c data         9754    0       50
                       lib:sc.lib       exitfunc data         97a4    0        4
                       lib:sc.lib       CrtTask. data         97a8    0       20
                       lib:sc.lib       _stdv36. data         97c8    0       14
                       lib:sc.lib       _stdwin. data         97dc    0       14
                       lib:sc.lib       io2errno data         97f0    0       40
                       lib:c.o          c        bss          9830    0       54
                       nb:mpplayer/dong dongle1. bss          9884    0        8
                       clock.o          clock.c  bss          988c    0       28
                       colormisc.o      colormis bss          98b4    0        c
                       commod.o         commod.c bss          98c0    0       1c
                       config.o         config.c bss          98dc    0      41c
                       dosmisc.o        dosmisc. bss          9cf8    0      200
                       effect.o         effect.c bss          9ef8    0        c
                       errors.o         errors.c bss          9f04    0      218
                       filethumbs.o     filethum bss          a11c    0      17c
                       fonts.o          fonts.c  bss          a298    0       98
                       getxapps.o       getxapps bss          a330    0      250
                       globlab.o        globlab. bss          a580    0      180
                       import2.o        import2. bss          a700    0       70
                       import_pic.o     import_p bss          a770    0      190
                       initglobals.o    initglob bss          a900    0     3034
                       menubar.o        menubar. bss          d934    0        8
                       monitors1.o      monitors bss          d93c    0       34
                       monloc.o         monloc.c bss          d970    0        4
                       page.o           page.c   bss          d974    0       8c
                       ptread.o         ptread.c bss          da00    0       3c
                       screens.o        screens. bss          da3c    0        8
                       screenthumbs.o   screenth bss          da44    0       94
                       script.o         script.c bss          dad8    0      108
                       scripttalk.o     scriptta bss          dbe0    0      200
                       scrsize.o        scrsize. bss          dde0    0       4c
                       settime.o        settime. bss          de2c    0        c
                       specials.o       specials bss          de38    0       e8
                       text.o           text.c   bss          df20    0       8c
                       textedit.o       textedit bss          dfac    0      1ec
                       translate.o      translat bss          e198    0        4
                       windraw4.o       windraw4 bss          e19c    0        4
                       xappinfo.o       XappInfo bss          e1a0    0      400
MediaPoint              08-Nov-94 13:06:38  Hunk Section                Page 1-9

 num hunk         size filename         punit    type         base  alv     size
                       ph:playscript.o  playscri bss          e5a0    0       14
                       ph:proccont.o    proccont bss          e5b4    0      270
                       ph:procinit.o    procinit bss          e824    0      878
                       ph:rexx.o        rexx.c   bss          f09c    0      2f8
                       ph:rexxcmd.o     rexxcmd. bss          f394    0       64
                       lib:scm.lib      sscanf.c bss          f3f8    0        8
                       lib:scm.lib      fscanf.c bss          f400    0        8
                       lib:sc.lib       errno.c  bss          f408    0        4
                       lib:sc.lib       memheap. bss          f40c    0        4
                       lib:sc.lib       memtype. bss          f410    0        4
                       lib:sc.lib       locale.c bss          f414    0       30
                       lib:sc.lib       tzinfo.c bss          f444    0       14
                       lib:sc.lib       dosbase  bss          f458    0        4
                       lib:sc.lib       _top.c   bss          f45c    0        4
                       lib:sc.lib       _exit.c  bss          f460    0        4
                       lib:sc.lib       _main.c  bss          f464    0       c8
                       lib:sc.lib       gmtime.c bss          f52c    0       24
                       lib:sc.lib       oslibver bss          f550    0        4
                       lib:sc.lib       iconlib. bss          f554    0        8
