RemoteAccess            07-Nov-94 10:55:21  Hunk Section                Page 1-1

 num hunk         size filename         punit    type         base  alv     size
   0 text         eff4 lib:c.o          c        code            0    4      260
                       buttontask.o     buttonta code          278    1      170
                       icon.o           icon.c   code          3f0    0       a8
                       parse.o          parse.c  code          498    0      228
                       parsesession.o   parseses code          6c0    7      4f8
                       setup.o          setup.c  code          be4   21     3ff4
                       upload.o         upload.c code         4c58    5      bc0
                       mra:ECP/cdf.o    cdf.c    code         5838    0      480
                       msm:parse1.o     parse1.c code         5cb8    5      bd4
                       msm:parse2.o     parse2.c code         68ac    1     23a4
                       msm:parse4.o     parse4.c code         8c58    0      1b8
                       sc:source/_main. _main.c  code         8e10    1      12c
                       nb:parser.o      parser.c code         8f44    0      518
                       mpri:times.o     times.c  code         945c    0     1328
                       mpri:errors.o    errors.c code         a784    0      298
                       demo:gen/wait50h <noname> code         aa1c    0      118
                       lib:scm.lib      _sfmt.c  code         ab34    0      6b8
                       lib:scm.lib      _pfmt.c  code         b1ec    0      840
                       lib:scm.lib      sscanf.c code         ba2c    0       5c
                       lib:scm.lib      sprintf. code         ba88    0       44
                       lib:scm.lib      fscanf.c code         bacc    0       78
                       lib:scm.lib      fprintf. code         bb44    0       a0
                       lib:scm.lib      _fpinit. code         bbe4    0       30
                       lib:scm.lib      _cxvfd   code         bc14    0      404
                       lib:scm.lib      _cxv54   code         c018    0      10c
                       lib:scm.lib      _cxv53   code         c124    0       b4
                       lib:scm.lib      _cxv45   code         c1d8    0       68
                       lib:scm.lib      _cxv43   code         c240    0       d4
                       lib:scm.lib      _cxv35   code         c314    0       54
                       lib:scm.lib      _cxv34   code         c368    0       94
                       lib:scm.lib      _cxspc5  code         c3fc    0       94
                       lib:scm.lib      _cxren5  code         c490    0       64
                       lib:scm.lib      _cxnrm5  code         c4f4    0       9c
                       lib:scm.lib      _cxnrm4  code         c590    0       84
                       lib:scm.lib      _cxm55   code         c614    0      198
                       lib:scm.lib      _cxfxt5  code         c7ac    0       ec
                       lib:scm.lib      _cxferr. code         c898    0       10
                       lib:scm.lib      _cxd55   code         c8a8    0      240
                       lib:scm.lib      _cxc55   code         cae8    0       7c
                       lib:scm.lib      _cxadj5  code         cb64    0       84
                       lib:scm.lib      _cxa55   code         cbe8    0      250
                       lib:sc.lib       _constru code         ce38    0       18
                       lib:sc.lib       _MemClea code         ce50    0       80
                       lib:sc.lib       strnicmp code         ced0    0       88
                       lib:sc.lib       strins.c code         cf58    0       48
                       lib:sc.lib       stricmp  code         cfa0    0       3c
                       lib:sc.lib       stpblk   code         cfdc    0       1c
                       lib:sc.lib       _stcul_d code         cff8    0       30
                       lib:sc.lib       _stcl_o  code         d028    0       30
                       lib:sc.lib       _stcl_h  code         d058    0       3c
                       lib:sc.lib       _stcd_i  code         d094    0       54
                       lib:sc.lib       stccpy.c code         d0e8    0       44
                       lib:sc.lib       stcarg.c code         d12c    0       70
RemoteAccess            07-Nov-94 10:55:21  Hunk Section                Page 1-2

 num hunk         size filename         punit    type         base  alv     size
                       lib:sc.lib       _datecvt code         d19c    0       44
                       lib:sc.lib       getpath. code         d1e0    0       bc
                       lib:sc.lib       getcd.c  code         d29c    0      10c
                       lib:sc.lib       _getbuff code         d3a8    0       48
                       lib:sc.lib       _strupr. code         d3f0    0       3c
                       lib:sc.lib       statfunc code         d42c    0      1d8
                       lib:sc.lib       stat.c   code         d604    0       38
                       lib:sc.lib       _write.c code         d63c    0      100
                       lib:sc.lib       _read.c  code         d73c    0       f8
                       lib:sc.lib       _lseek.c code         d834    0       94
                       lib:sc.lib       _close.c code         d8c8    0       70
                       lib:sc.lib       _open.c  code         d938    0      1dc
                       lib:sc.lib       _cxfpe.c code         db14    0       3c
                       lib:sc.lib       _cxd33   code         db50    0       c4
                       lib:sc.lib       _cxm33   code         dc14    0       20
                       lib:sc.lib       _cxm22   code         dc34    0       30
                       lib:sc.lib       _exit.c  code         dc64    1       5c
                       lib:sc.lib       _cxbrk.c code         dcc8    0      14c
                       lib:sc.lib       _chkufb. code         de14    0       4c
                       lib:sc.lib       _chkabor code         de60    0       50
                       lib:sc.lib       strchr   code         deb0    0       18
                       lib:sc.lib       memchr   code         dec8    0       24
                       lib:sc.lib       strncmp  code         deec    0       30
                       lib:sc.lib       strcat   code         df1c    0       18
                       lib:sc.lib       strncpy  code         df34    0       24
                       lib:sc.lib       memmove  code         df58    0       2c
                       lib:sc.lib       free     code         df84    0      16c
                       lib:sc.lib       malloc   code         e0f0    0      174
                       lib:sc.lib       exit.c   code         e264    0       54
                       lib:sc.lib       ungetc.c code         e2b8    0       98
                       lib:sc.lib       fgets.c  code         e350    0       78
                       lib:sc.lib       fgetc.c  code         e3c8    0      168
                       lib:sc.lib       ftell.c  code         e530    0       90
                       lib:sc.lib       fseek.c  code         e5c0    0       78
                       lib:sc.lib       fwrite.c code         e638    0      13c
                       lib:sc.lib       fflush.c code         e774    0       d4
                       lib:sc.lib       fclose.c code         e848    0       60
                       lib:sc.lib       freopen. code         e8a8    0      144
                       lib:sc.lib       fopen.c  code         e9ec    0       64
                       lib:sc.lib       _sf.c    code         ea50    0      168
                       lib:sc.lib       _pf.c    code         ebb8    0       7c
                       lib:sc.lib       remove.c code         ec34    0       30
                       lib:sc.lib       newlist  code         ec64    0       14
                       lib:sc.lib       CrtTask. code         ec78    0       ac
                       lib:sc.lib       raise.c  code         ed24    0       64
                       lib:sc.lib       signal.c code         ed88    0       38
                       lib:sc.lib       autoopen code         edc0    1      154
                       lib:sc.lib       iconlib. code         ef1c    0       58
                       lib:sc.lib       io2errno code         ef74    0       60
                       lib:amiga.lib    <noname> code         efd4    0       20
   1 chip          19c icon.o           icon.c   datachip        0    0      198
                       setup.o          setup.c  datachip      198    0        4
   2 __MERGED     2308 buttontask.o     buttonta data            0    0       20
RemoteAccess            07-Nov-94 10:55:21  Hunk Section                Page 1-3

 num hunk         size filename         punit    type         base  alv     size
                       icon.o           icon.c   data           20    0       e0
                       parse.o          parse.c  data          100    0       10
                       parsesession.o   parseses data          110    0       50
                       setup.o          setup.c  data          160    0      f64
                       upload.o         upload.c data         10c4    0      220
                       mra:ECP/cdf.o    cdf.c    data         12e4    0      1b8
                       msm:parse1.o     parse1.c data         149c    0      220
                       msm:parse2.o     parse2.c data         16bc    0      5f0
                       msm:parse4.o     parse4.c data         1cac    0       14
                       nb:parser.o      parser.c data         1cc0    0        c
                       mpri:times.o     times.c  data         1ccc    0      398
                       mpri:errors.o    errors.c data         2064    0       10
                       T:LMEV4.0000     _ctdt.o  data         2074    0       14
                       lib:sc.lib       mstep.c  data         2088    0        4
                       lib:sc.lib       tzinfo.c data         208c    0        8
                       lib:sc.lib       sigfunc. data         2094    0       24
                       lib:sc.lib       ctype.c  data         20b8    0      104
                       lib:sc.lib       _constru data         21bc    0        4
                       lib:sc.lib       stack.c  data         21c0    0        4
                       lib:sc.lib       _iob.c   data         21c4    0       68
                       lib:sc.lib       _buffsiz data         222c    0        4
                       lib:sc.lib       _ufb.c   data         2230    0        8
                       lib:sc.lib       _fmode.c data         2238    0        8
                       lib:sc.lib       _cxbrk.c data         2240    0       50
                       lib:sc.lib       exitfunc data         2290    0        4
                       lib:sc.lib       CrtTask. data         2294    0       20
                       lib:sc.lib       _stdwin. data         22b4    0       14
                       lib:sc.lib       io2errno data         22c8    0       40
                       lib:c.o          c        bss          2308    0       54
                       buttontask.o     buttonta bss          235c    0        c
                       setup.o          setup.c  bss          2368    0      194
                       upload.o         upload.c bss          24fc    0        8
                       msm:parse1.o     parse1.c bss          2504    0       10
                       msm:parse2.o     parse2.c bss          2514    0     1240
                       sc:source/_main. _main.c  bss          3754    0       8c
                       mpri:errors.o    errors.c bss          37e0    0      218
                       lib:scm.lib      sscanf.c bss          39f8    0        8
                       lib:scm.lib      fscanf.c bss          3a00    0        8
                       lib:sc.lib       errno.c  bss          3a08    0        4
                       lib:sc.lib       memheap. bss          3a0c    0        4
                       lib:sc.lib       memtype. bss          3a10    0        4
                       lib:sc.lib       tzinfo.c bss          3a14    0       14
                       lib:sc.lib       dosbase  bss          3a28    0        4
                       lib:sc.lib       statfunc bss          3a2c    0       a0
                       lib:sc.lib       _top.c   bss          3acc    0        4
                       lib:sc.lib       _exit.c  bss          3ad0    0        4
                       lib:sc.lib       oslibver bss          3ad4    0        4
                       lib:sc.lib       iconlib. bss          3ad8    0        8
