Transitions             26-Oct-94 17:03:00  Hunk Section                Page 1-1

 num hunk         size filename         punit    type         base  alv     size
   0 text        1d664 lib:cres.o       c        code            0    3      2b4
                       workpage.o       workpage code          2c8    7     1ae0
                       lib:/source/_mai _main.c  code         1dd4    1      12c
                       demo:gen/general general. code         1f08    1       e4
                       effects.o        <noname> code         1ff4    0    13fa8
                       parse.o          parse.c  code        15f9c    0      910
                       pt.o             pt.c     code        168ac    0      5a0
                       inthandler.o     inthandl code        16e4c    0      1f0
                       wp:crawl/crawl.o <noname> code        1703c    0      f20
                       pascal:ttxt.o    ttxt.a   code        17f5c    0      f7c
                       pascal:antialias antialia code        18ed8    0      7b0
                       localedate.o     localeda code        19688    0      4b0
                       workpageasm.o    workpage code        19b38    0       10
                       senduselocal.o   sendusel code        19b48    0      11c
                       lib:sc.lib       clocale. code        19c64    0       f0
                       lib:sc.lib       timestr. code        19d54    0       4c
                       lib:sc.lib       _constru code        19da0    0       18
                       lib:sc.lib       _fpinit. code        19db8    0       30
                       lib:sc.lib       geta4    code        19de8    0        8
                       lib:sc.lib       _MemClea code        19df0    0       80
                       lib:sc.lib       stricmp  code        19e70    0       3c
                       lib:sc.lib       _stcul_d code        19eac    0       30
                       lib:sc.lib       _stcl_o  code        19edc    0       30
                       lib:sc.lib       _stcl_h  code        19f0c    0       3c
                       lib:sc.lib       _stcd_i  code        19f48    0       54
                       lib:sc.lib       stccpy.c code        19f9c    0       44
                       lib:sc.lib       _getbuff code        19fe0    0       48
                       lib:sc.lib       _strlwr. code        1a028    0       3c
                       lib:sc.lib       _strupr. code        1a064    0       3c
                       lib:sc.lib       _write.c code        1a0a0    0      100
                       lib:sc.lib       _read.c  code        1a1a0    0       f8
                       lib:sc.lib       _lseek.c code        1a298    0       94
                       lib:sc.lib       _close.c code        1a32c    0       70
                       lib:sc.lib       _open.c  code        1a39c    0      1dc
                       lib:sc.lib       _cxd33   code        1a578    0       c4
                       lib:sc.lib       _cxm33   code        1a63c    0       20
                       lib:sc.lib       _cxm22   code        1a65c    0       30
                       lib:sc.lib       _exit.c  code        1a68c    1       5c
                       lib:sc.lib       _cxbrk.c code        1a6f0    0      14c
                       lib:sc.lib       _chkufb. code        1a83c    0       4c
                       lib:sc.lib       _chkabor code        1a888    0       50
                       lib:sc.lib       _tzset.c code        1a8d8    0       9c
                       lib:sc.lib       strftime code        1a974    0      574
                       lib:sc.lib       localtim code        1aee8    0       3c
                       lib:sc.lib       gmtime.c code        1af24    0      138
                       lib:sc.lib       time.c   code        1b05c    0       74
                       lib:sc.lib       strchr   code        1b0d0    0       18
                       lib:sc.lib       memchr   code        1b0e8    0       24
                       lib:sc.lib       strncmp  code        1b10c    0       30
                       lib:sc.lib       strcat   code        1b13c    0       18
                       lib:sc.lib       memmove  code        1b154    0       2c
                       lib:sc.lib       realloc. code        1b180    0       88
                       lib:sc.lib       free     code        1b208    0      16c
Transitions             26-Oct-94 17:03:00  Hunk Section                Page 1-2

 num hunk         size filename         punit    type         base  alv     size
                       lib:sc.lib       malloc   code        1b374    0      174
                       lib:sc.lib       _getenv. code        1b4e8    0      118
                       lib:sc.lib       sscanf.c code        1b600    0       5c
                       lib:sc.lib       sprintf. code        1b65c    0       44
                       lib:sc.lib       ftell.c  code        1b6a0    0       90
                       lib:sc.lib       fseek.c  code        1b730    0       78
                       lib:sc.lib       fread.c  code        1b7a8    0      174
                       lib:sc.lib       fflush.c code        1b91c    0       d4
                       lib:sc.lib       fclose.c code        1b9f0    0       60
                       lib:sc.lib       freopen. code        1ba50    0      144
                       lib:sc.lib       fopen.c  code        1bb94    0       64
                       lib:sc.lib       _sfmt.c  code        1bbf8    0      618
                       lib:sc.lib       _pfmt.c  code        1c210    0      438
                       lib:sc.lib       _sf.c    code        1c648    0      168
                       lib:sc.lib       _pf.c    code        1c7b0    0       7c
                       lib:sc.lib       remove.c code        1c82c    0       30
                       lib:sc.lib       newlist  code        1c85c    0       14
                       lib:sc.lib       DelStdIO code        1c870    0       28
                       lib:sc.lib       DelPort. code        1c898    0       44
                       lib:sc.lib       CrtStdIO code        1c8dc    0       40
                       lib:sc.lib       CrtPort. code        1c91c    0       90
                       lib:sc.lib       autoopen code        1c9ac    1      154
                       lib:sc.lib       diskfont code        1cb08    0       5c
                       lib:sc.lib       gfxlib.c code        1cb64    0       5c
                       lib:sc.lib       io2errno code        1cbc0    0       60
                       pascal:toolslib/ textfunc code        1cc20    0      2f4
                       pascal:toolslib/ ChunkyTo code        1cf14    0      468
                       pascal:toolslib/ palettes code        1d37c    0       4c
                       pascal:toolslib/ initbitm code        1d3c8    0      1dc
                       pascal:toolslib/ GetRGB.a code        1d5a4    0       c0
   1 __MERGED     322c workpage.o       workpage data            0    0     2d58
                       demo:gen/general general. data         2d58    0        4
                       parse.o          parse.c  data         2d5c    0       6c
                       T:LBCN4.0000     _ctdt.o  data         2dc8    0       1c
                       lib:sc.lib       mstep.c  data         2de4    0        4
                       lib:sc.lib       clocale. data         2de8    0      170
                       lib:sc.lib       locale.c data         2f58    0       24
                       lib:sc.lib       tzinfo.c data         2f7c    0        8
                       lib:sc.lib       timestr. data         2f84    0       58
                       lib:sc.lib       sigfunc. data         2fdc    0       24
                       lib:sc.lib       ctype.c  data         3000    0      104
                       lib:sc.lib       _constru data         3104    0        4
                       lib:sc.lib       stack.c  data         3108    0        4
                       lib:sc.lib       _iob.c   data         310c    0       68
                       lib:sc.lib       _buffsiz data         3174    0        4
                       lib:sc.lib       _ufb.c   data         3178    0        8
                       lib:sc.lib       _fmode.c data         3180    0        8
                       lib:sc.lib       _cxbrk.c data         3188    0       50
                       lib:sc.lib       _stdwin. data         31d8    0       14
                       lib:sc.lib       io2errno data         31ec    0       40
                       lib:cres.o       c        bss          322c    0       50
                       lib:/source/_mai _main.c  bss          327c    0       8c
                       lib:sc.lib       errno.c  bss          3308    0        4
Transitions             26-Oct-94 17:03:00  Hunk Section                Page 1-3

 num hunk         size filename         punit    type         base  alv     size
                       lib:sc.lib       memheap. bss          330c    0        4
                       lib:sc.lib       memtype. bss          3310    0        4
                       lib:sc.lib       locale.c bss          3314    0       30
                       lib:sc.lib       tzinfo.c bss          3344    0       14
                       lib:sc.lib       dosbase  bss          3358    0        4
                       lib:sc.lib       _top.c   bss          335c    0        4
                       lib:sc.lib       _exit.c  bss          3360    0        4
                       lib:sc.lib       gmtime.c bss          3364    0       24
                       lib:sc.lib       sscanf.c bss          3388    0        8
                       lib:sc.lib       oslibver bss          3390    0        4
                       lib:sc.lib       diskfont bss          3394    0        8
                       lib:sc.lib       gfxlib.c bss          339c    0        8
