IV-24                   26-Oct-94 14:40:39  Hunk Section                Page 1-1

 num hunk         size filename         punit    type         base  alv     size
   0 text         50d0 lib:cres.o       c        code            0    0      2b4
                       setup.o          setup.c  code          2b4    0     107c
                       demo:gen/support support. code         1330    0      30c
                       worker.o         worker.c code         163c    0      2d0
                       gen:geninit.o    geninit. code         190c    0       28
                       doit.o           doit.c   code         1934    0      f2c
                       lib:/source/_mai _main.c  code         2860    0      12c
                       getargs.o        getargs. code         298c    0      30c
                       fyeview.o        fyeview. code         2c98    0      5b4
                       screen.o         screen.c code         324c    0      2b8
                       iff.o            iff.c    code         3504    0      788
                       lib:sc.lib       _fpinit. code         3c8c    0       30
                       lib:sc.lib       _MemClea code         3cbc    0       80
                       lib:sc.lib       _stcul_d code         3d3c    0       30
                       lib:sc.lib       _stcl_o  code         3d6c    0       30
                       lib:sc.lib       _stcl_h  code         3d9c    0       3c
                       lib:sc.lib       _stcd_i  code         3dd8    0       54
                       lib:sc.lib       stccpy.c code         3e2c    0       44
                       lib:sc.lib       _strupr. code         3e70    0       3c
                       lib:sc.lib       _cxd33   code         3eac    0       c4
                       lib:sc.lib       _cxm33   code         3f70    0       20
                       lib:sc.lib       _cxm22   code         3f90    0       30
                       lib:sc.lib       _exit.c  code         3fc0    0       5c
                       lib:sc.lib       memmove  code         401c    0       2c
                       lib:sc.lib       free     code         4048    0      16c
                       lib:sc.lib       malloc   code         41b4    0      174
                       lib:sc.lib       sscanf.c code         4328    0       5c
                       lib:sc.lib       sprintf. code         4384    0       44
                       lib:sc.lib       _sfmt.c  code         43c8    0      618
                       lib:sc.lib       _pfmt.c  code         49e0    0      438
                       lib:sc.lib       _sf.c    code         4e18    0      168
                       lib:sc.lib       _pf.c    code         4f80    0       7c
                       lib:sc.lib       DelPort. code         4ffc    0       44
                       lib:sc.lib       CrtPort. code         5040    0       90
   1 __MERGED      8c8 setup.o          setup.c  data            0    0      5dc
                       demo:gen/support support. data          5dc    0       14
                       doit.o           doit.c   data          5f0    0       54
                       getargs.o        getargs. data          644    0       b0
                       fyeview.o        fyeview. data          6f4    0       7c
                       screen.o         screen.c data          770    0       20
                       lib:sc.lib       mstep.c  data          790    0        4
                       lib:sc.lib       sigfunc. data          794    0       24
                       lib:sc.lib       ctype.c  data          7b8    0      104
                       lib:sc.lib       stack.c  data          8bc    0        4
                       lib:sc.lib       _ufb.c   data          8c0    0        8
                       lib:cres.o       c        bss           8c8    0       50
                       setup.o          setup.c  bss           918    0        c
                       demo:gen/support support. bss           924    0      218
                       lib:/source/_mai _main.c  bss           b3c    0       8c
                       lib:sc.lib       errno.c  bss           bc8    0        4
                       lib:sc.lib       memheap. bss           bcc    0        4
                       lib:sc.lib       memtype. bss           bd0    0        4
                       lib:sc.lib       dosbase  bss           bd4    0        4
IV-24                   26-Oct-94 14:40:39  Hunk Section                Page 1-2

 num hunk         size filename         punit    type         base  alv     size
                       lib:sc.lib       _top.c   bss           bd8    0        4
                       lib:sc.lib       _exit.c  bss           bdc    0        4
                       lib:sc.lib       sscanf.c bss           be0    0        8
