Player                  13-Oct-94 17:25:55  Hunk Section                Page 1-1

 num hunk         size filename         punit    type         base  alv     size
   0 text        15760 lib:c.o          c        code            0    4      260
                       Player.o         player.c code          278   17      6d4
                       nb:commod.o      commod.c code          9b4    0      238
                       nb:config.o      config.c code          bec    1      830
                       nb:dos.o         dos.c    code         1424    1      158
                       nb:dosmisc.o     dosmisc. code         1584    3      c70
                       nb:errors.o      errors.c code         2208    4      3d8
                       nb:fonts.o       fonts.c  code         25f8    0      1b8
                       nb:formatterm.o  formatte code         27b0    0       28
                       nb:globalallocs. globalal code         27d8    1      ad4
                       nb:initglobals.o initglob code         32b4    2      920
                       nb:interact.o    interact code         3be0    1      7d0
                       nb:misc.o        misc.c   code         43b8    0      300
                       nb:monitors1.o   monitors code         46b8    1      d10
                       nb:nodes.o       nodes.c  code         53d0    0      d9c
                       nb:pagetalk.o    pagetalk code         616c    0      644
                       nb:parser.o      parser.c code         67b0    5      518
                       nb:releasetwo.o  releaset code         6ce8    3      6c8
                       nb:rendezvous.o  rendezvo code         73c4    2      178
                       nb:screens.o     screens. code         7548    1      3ec
                       nb:scripttalk.o  scriptta code         793c    0     1fbc
                       nb:stread.o      stread.c code         98f8    1      520
                       nb:times.o       times.c  code         9e20    0      4cc
                       nb:translate.o   translat code         a2ec    0      438
                       nb:varparse.o    varparse code         a724   11     217c
                       nb:vars.o        vars.c   code         c8e4    0      190
                       wm:fakerun.o     <noname> code         ca74    0      280
                       ph:AddGuide.o    addguide code         ccf4    0      41c
                       ph:AddModule.o   addmodul code         d110    0      1e8
                       ph:functions.o   function code         d2f8    0      124
                       ph:initsegment.o initsegm code         d41c    1      5b8
                       ph:playscript.o  playscri code         d9dc    0      304
                       ph:proccont.o    proccont code         dce0    1     2644
                       ph:procinit.o    procinit code        1032c    0      788
                       ph:ProcError.o   procerro code        10ab4    0       6c
                       ph:LoadSegment.o loadsegm code        10b20    0      104
                       ph:mltool.o      mltool.c code        10c24    1      12c
                       ph:rexxvars.o    <noname> code        10d58    0      22c
                       ph:rexx.o        rexx.c   code        10f84    0      538
                       ph:rexxcmd.o     rexxcmd. code        114bc    1      678
                       nb:dongle/fakedo fakedong code        11b3c    0       80
                       nb:fakekprintf.o fakekpri code        11bbc    0        c
                       lib:scm.lib      _sfmt.c  code        11bc8    0      6b8
                       lib:scm.lib      _pfmt.c  code        12280    0      840
                       lib:scm.lib      sscanf.c code        12ac0    0       5c
                       lib:scm.lib      sprintf. code        12b1c    0       44
                       lib:scm.lib      fscanf.c code        12b60    0       78
                       lib:scm.lib      fprintf. code        12bd8    0       a0
                       lib:scm.lib      _fpinit. code        12c78    0       30
                       lib:scm.lib      _cxvfd   code        12ca8    0      404
                       lib:scm.lib      _cxv54   code        130ac    0      10c
                       lib:scm.lib      _cxfxt5  code        131b8    0       ec
                       lib:scm.lib      _cxferr. code        132a4    0       10
Player                  13-Oct-94 17:25:55  Hunk Section                Page 1-2

 num hunk         size filename         punit    type         base  alv     size
                       lib:sc.lib       _constru code        132b4    0       18
                       lib:sc.lib       writes.c code        132cc    0       38
                       lib:sc.lib       tinyprin code        13304    0       e4
                       lib:sc.lib       _MemClea code        133e8    0       80
                       lib:sc.lib       stspfp.c code        13468    0       88
                       lib:sc.lib       strnicmp code        134f0    0       88
                       lib:sc.lib       strrev.c code        13578    0       38
                       lib:sc.lib       strins.c code        135b0    0       48
                       lib:sc.lib       stricmp  code        135f8    0       3c
                       lib:sc.lib       stptok.c code        13634    0       74
                       lib:sc.lib       stpblk   code        136a8    0       1c
                       lib:sc.lib       _stcul_d code        136c4    0       30
                       lib:sc.lib       _stcl_o  code        136f4    0       30
                       lib:sc.lib       _stcl_h  code        13724    0       3c
                       lib:sc.lib       stcl_d   code        13760    0       3c
                       lib:sc.lib       _stcd_i  code        1379c    0       54
                       lib:sc.lib       stccpy.c code        137f0    0       44
                       lib:sc.lib       stcarg.c code        13834    0       70
                       lib:sc.lib       getpath. code        138a4    0       bc
                       lib:sc.lib       _getbuff code        13960    0       48
                       lib:sc.lib       _strupr. code        139a8    0       3c
                       lib:sc.lib       _write.c code        139e4    0      100
                       lib:sc.lib       _read.c  code        13ae4    0       f8
                       lib:sc.lib       _lseek.c code        13bdc    0       94
                       lib:sc.lib       _close.c code        13c70    0       70
                       lib:sc.lib       _open.c  code        13ce0    0      1dc
                       lib:sc.lib       _cxfpe.c code        13ebc    0       3c
                       lib:sc.lib       _cxd33   code        13ef8    0       c4
                       lib:sc.lib       _cxm33   code        13fbc    0       20
                       lib:sc.lib       _cxm22   code        13fdc    0       30
                       lib:sc.lib       _exit.c  code        1400c    1       5c
                       lib:sc.lib       _main.c  code        14070    0      2a0
                       lib:sc.lib       _cxbrk.c code        14310    0      14c
                       lib:sc.lib       _chkufb. code        1445c    0       4c
                       lib:sc.lib       _chkabor code        144a8    0       50
                       lib:sc.lib       strchr   code        144f8    0       18
                       lib:sc.lib       memchr   code        14510    0       24
                       lib:sc.lib       strncat  code        14534    0       24
                       lib:sc.lib       strcat   code        14558    0       18
                       lib:sc.lib       strncpy  code        14570    0       24
                       lib:sc.lib       memmove  code        14594    0       2c
                       lib:sc.lib       free     code        145c0    0      16c
                       lib:sc.lib       malloc   code        1472c    0      174
                       lib:sc.lib       atoi.c   code        148a0    0       38
                       lib:sc.lib       exit.c   code        148d8    0       54
                       lib:sc.lib       ungetc.c code        1492c    0       98
                       lib:sc.lib       fputc.c  code        149c4    0      174
                       lib:sc.lib       fgets.c  code        14b38    0       78
                       lib:sc.lib       fgetc.c  code        14bb0    0      168
                       lib:sc.lib       fwrite.c code        14d18    0      13c
                       lib:sc.lib       fflush.c code        14e54    0       d4
                       lib:sc.lib       fclose.c code        14f28    0       60
                       lib:sc.lib       freopen. code        14f88    0      144
Player                  13-Oct-94 17:25:55  Hunk Section                Page 1-3

 num hunk         size filename         punit    type         base  alv     size
                       lib:sc.lib       fopen.c  code        150cc    0       64
                       lib:sc.lib       _sf.c    code        15130    0      168
                       lib:sc.lib       _pf.c    code        15298    0       7c
                       lib:sc.lib       remove.c code        15314    0       30
                       lib:sc.lib       newlist  code        15344    0       14
                       lib:sc.lib       DelPort. code        15358    0       44
                       lib:sc.lib       CrtPort. code        1539c    0       90
                       lib:sc.lib       raise.c  code        1542c    0       64
                       lib:sc.lib       signal.c code        15490    0       38
                       lib:sc.lib       autoopen code        154c8    1      154
                       lib:sc.lib       iconlib. code        15624    0       58
                       lib:sc.lib       io2errno code        1567c    0       60
                       lib:sc.lib       main     code        156dc    0       10
                       lib:amiga.lib    <noname> code        156ec    0       1c
                       lib:amiga.lib    <noname> code        15708    0       18
                       lib:amiga.lib    <noname> code        15720    0       14
                       lib:amiga.lib    <noname> code        15734    0       18
                       lib:amiga.lib    <noname> code        1574c    0       14
   1 chip         2e14 nb:globalallocs. globalal datachip        0    0     2ce8
                       nb:initglobals.o initglob datachip     2ce8    0      12c
   2 __MERGED     76b8 Player.o         player.c data            0    0     5498
                       nb:commod.o      commod.c data         5498    0       7c
                       nb:config.o      config.c data         5514    0      640
                       nb:dos.o         dos.c    data         5b54    0       10
                       nb:dosmisc.o     dosmisc. data         5b64    0       dc
                       nb:errors.o      errors.c data         5c40    0       44
                       nb:fonts.o       fonts.c  data         5c84    0       70
                       nb:globalallocs. globalal data         5cf4    0       20
                       nb:initglobals.o initglob data         5d14    0      600
                       nb:interact.o    interact data         6314    0       18
                       nb:monitors1.o   monitors data         632c    0       20
                       nb:nodes.o       nodes.c  data         634c    0       10
                       nb:pagetalk.o    pagetalk data         635c    0      218
                       nb:parser.o      parser.c data         6574    0        c
                       nb:releasetwo.o  releaset data         6580    0       28
                       nb:rendezvous.o  rendezvo data         65a8    0       10
                       nb:screens.o     screens. data         65b8    0       2c
                       nb:scripttalk.o  scriptta data         65e4    0      3f8
                       nb:stread.o      stread.c data         69dc    0        c
                       nb:times.o       times.c  data         69e8    0      1bc
                       nb:translate.o   translat data         6ba4    0       c4
                       nb:varparse.o    varparse data         6c68    0      320
                       nb:vars.o        vars.c   data         6f88    0       58
                       ph:AddGuide.o    addguide data         6fe0    0       14
                       ph:initsegment.o initsegm data         6ff4    0       58
                       ph:proccont.o    proccont data         704c    0       e4
                       ph:procinit.o    procinit data         7130    0       30
                       ph:mltool.o      mltool.c data         7160    0       14
                       ph:rexx.o        rexx.c   data         7174    0       58
                       ph:rexxcmd.o     rexxcmd. data         71cc    0      26c
                       T:PR3M4.0000     _ctdt.o  data         7438    0       14
                       lib:sc.lib       mstep.c  data         744c    0        4
                       lib:sc.lib       sigfunc. data         7450    0       24
Player                  13-Oct-94 17:25:55  Hunk Section                Page 1-4

 num hunk         size filename         punit    type         base  alv     size
                       lib:sc.lib       ctype.c  data         7474    0      104
                       lib:sc.lib       _constru data         7578    0        4
                       lib:sc.lib       stack.c  data         757c    0        4
                       lib:sc.lib       _iob.c   data         7580    0       68
                       lib:sc.lib       _buffsiz data         75e8    0        4
                       lib:sc.lib       _ufb.c   data         75ec    0        8
                       lib:sc.lib       _fmode.c data         75f4    0        8
                       lib:sc.lib       _cxbrk.c data         75fc    0       50
                       lib:sc.lib       exitfunc data         764c    0        4
                       lib:sc.lib       _stdv36. data         7650    0       14
                       lib:sc.lib       _stdwin. data         7664    0       14
                       lib:sc.lib       io2errno data         7678    0       40
                       lib:c.o          c        bss          76b8    0       54
                       nb:commod.o      commod.c bss          770c    0       1c
                       nb:config.o      config.c bss          7728    0      41c
                       nb:dosmisc.o     dosmisc. bss          7b44    0      200
                       nb:errors.o      errors.c bss          7d44    0      218
                       nb:fonts.o       fonts.c  bss          7f5c    0       98
                       nb:initglobals.o initglob bss          7ff4    0     3034
                       nb:monitors1.o   monitors bss          b028    0       34
                       nb:screens.o     screens. bss          b05c    0        8
                       nb:scripttalk.o  scriptta bss          b064    0      200
                       nb:translate.o   translat bss          b264    0        4
                       ph:playscript.o  playscri bss          b268    0       14
                       ph:proccont.o    proccont bss          b27c    0      270
                       ph:procinit.o    procinit bss          b4ec    0      878
                       ph:rexx.o        rexx.c   bss          bd64    0      2f8
                       ph:rexxcmd.o     rexxcmd. bss          c05c    0       64
                       lib:scm.lib      sscanf.c bss          c0c0    0        8
                       lib:scm.lib      fscanf.c bss          c0c8    0        8
                       lib:sc.lib       errno.c  bss          c0d0    0        4
                       lib:sc.lib       memheap. bss          c0d4    0        4
                       lib:sc.lib       memtype. bss          c0d8    0        4
                       lib:sc.lib       dosbase  bss          c0dc    0        4
                       lib:sc.lib       _top.c   bss          c0e0    0        4
                       lib:sc.lib       _exit.c  bss          c0e4    0        4
                       lib:sc.lib       _main.c  bss          c0e8    0       c8
                       lib:sc.lib       oslibver bss          c1b0    0        4
                       lib:sc.lib       iconlib. bss          c1b4    0        8
