Resource                05-Aug-94 13:21:02  Hunk Section                Page 1-1

 num hunk         size filename         punit    type         base  alv     size
   0 text         3910 lib:cres.o       c        code            0    0      2a8
                       Workres.o        workres. code          2a8    0      564
                       setup.o          setup.c  code          80c    0      668
                       lib:/source/_mai _main.c  code          e74    0      12c
                       gen:support.o    support. code          fa0    0      30c
                       gen:general.o    general. code         12ac    0      1dc
                       lib:sc.lib       newlist  code         1488    0       14
                       lib:sc.lib       createpo code         149c    0       b8
                       lib:sc.lib       _constru code         1554    0       34
                       lib:sc.lib       _fpinit. code         1588    0       3c
                       lib:sc.lib       _memclea code         15c4    0       2c
                       lib:sc.lib       strrev.c code         15f0    0       38
                       lib:sc.lib       _stcul_d code         1628    0       30
                       lib:sc.lib       _stcl_o. code         1658    0       30
                       lib:sc.lib       _stcl_h. code         1688    0       3c
                       lib:sc.lib       _stcd_i. code         16c4    0       54
                       lib:sc.lib       stccpy.c code         1718    0       3c
                       lib:sc.lib       stcarg.c code         1754    0       94
                       lib:sc.lib       _datecvt code         17e8    0       3c
                       lib:sc.lib       _getbuff code         1824    0       48
                       lib:sc.lib       _strupr. code         186c    0       38
                       lib:sc.lib       statfunc code         18a4    0      25c
                       lib:sc.lib       stat.c   code         1b00    0       38
                       lib:sc.lib       _ufb.c   code         1b38    0       7c
                       lib:sc.lib       _write.c code         1bb4    0      108
                       lib:sc.lib       _read.c  code         1cbc    0       fc
                       lib:sc.lib       _lseek.c code         1db8    0       98
                       lib:sc.lib       _close.c code         1e50    0       70
                       lib:sc.lib       _open.c  code         1ec0    0      1e0
                       lib:sc.lib       _CXD33.o code         20a0    0       c4
                       lib:sc.lib       _CXM33.o code         2164    0       20
                       lib:sc.lib       _CXM22.o code         2184    0       30
                       lib:sc.lib       _exit.c  code         21b4    0       10
                       lib:sc.lib       _cxbrk.c code         21c4    0      14c
                       lib:sc.lib       _chkufb. code         2310    0       48
                       lib:sc.lib       _chkabor code         2358    0       44
                       lib:sc.lib       strchr.o code         239c    0       18
                       lib:sc.lib       memchr.o code         23b4    0       24
                       lib:sc.lib       strcat.o code         23d8    0       18
                       lib:sc.lib       strncpy. code         23f0    0       24
                       lib:sc.lib       memmove. code         2414    0       2c
                       lib:sc.lib       free.o   code         2440    0      16c
                       lib:sc.lib       malloc.o code         25ac    0      174
                       lib:sc.lib       sscanf.c code         2720    0       5c
                       lib:sc.lib       sprintf. code         277c    0       44
                       lib:sc.lib       fread.c  code         27c0    0      15c
                       lib:sc.lib       fflush.c code         291c    0       d8
                       lib:sc.lib       fclose.c code         29f4    0       60
                       lib:sc.lib       freopen. code         2a54    0      13c
                       lib:sc.lib       fopen.c  code         2b90    0       6c
                       lib:sc.lib       _sfmt.c  code         2bfc    0      620
                       lib:sc.lib       _pfmt.c  code         321c    0      47c
                       lib:sc.lib       _sf.c    code         3698    0      178
Resource                05-Aug-94 13:21:02  Hunk Section                Page 1-2

 num hunk         size filename         punit    type         base  alv     size
                       lib:sc.lib       _pf.c    code         3810    0       70
                       lib:sc.lib       remove.c code         3880    0       30
                       lib:sc.lib       io2errno code         38b0    0       60
   1 __MERGED      3b0 Workres.o        workres. data            0    0       50
                       setup.o          setup.c  data           50    0      15c
                       gen:support.o    support. data          1ac    0       14
                       gen:general.o    general. data          1c0    0        4
                       T:L0AI4.0000     _ctdt.o  data          1c4    0       14
                       lib:sc.lib       mstep.c  data          1d8    0        4
                       lib:sc.lib       sigfunc. data          1dc    0       24
                       lib:sc.lib       ctype.c  data          200    0      104
                       lib:sc.lib       _constru data          304    0        4
                       lib:sc.lib       stack.c  data          308    0        4
                       lib:sc.lib       _buffsiz data          30c    0        4
                       lib:sc.lib       _ufb.c   data          310    0        8
                       lib:sc.lib       _fmode.c data          318    0        8
                       lib:sc.lib       _cxbrk.c data          320    0       50
                       lib:sc.lib       io2errno data          370    0       40
                       lib:cres.o       c        bss           3b0    0       24
                       setup.o          setup.c  bss           3d4    0        c
                       lib:/source/_mai _main.c  bss           3e0    0       8c
                       gen:support.o    support. bss           46c    0      218
                       lib:sc.lib       base.c   bss           684    0        4
                       lib:sc.lib       stkptr.c bss           688    0        4
                       lib:sc.lib       prgname. bss           68c    0        4
                       lib:sc.lib       _onexit. bss           690    0        4
                       lib:sc.lib       oserr.c  bss           694    0        4
                       lib:sc.lib       curdir.c bss           698    0        4
                       lib:sc.lib       wbmsg.c  bss           69c    0        4
                       lib:sc.lib       errno.c  bss           6a0    0        4
                       lib:sc.lib       memtype. bss           6a4    0        4
                       lib:sc.lib       _constru bss           6a8    0        4
                       lib:sc.lib       _memclea bss           6ac    0        4
                       lib:sc.lib       statfunc bss           6b0    0       a0
                       lib:sc.lib       _ufb.c   bss           750    0        8
                       lib:sc.lib       sscanf.c bss           758    0        8
                       lib:sc.lib       stdioptr bss           760    0        8
