EndScript               21-Sep-94 17:24:04  Hunk Section                Page 1-1

 num hunk         size filename         punit    type         base  alv     size
   0 text         3434 lib:cres.o       c        code            0    0      2a8
                       workend.o        workend. code          2a8    0      48c
                       lib:/source/_mai _main.c  code          734    0      1bc
                       gen:general.o    general. code          8f0    0      1dc
                       simplerexx.o     SimpleRe code          acc    0      5c8
                       endrexx.o        endrexx. code         1094    0       a8
                       copyscripts.o    copyscri code         113c    0      60c
                       lib:sc.lib       newlist  code         1748    0       14
                       lib:sc.lib       createpo code         175c    0       b8
                       lib:sc.lib       _constru code         1814    0       34
                       lib:sc.lib       _fpinit. code         1848    0       3c
                       lib:sc.lib       writes.c code         1884    0       30
                       lib:sc.lib       tinyprin code         18b4    0       b8
                       lib:sc.lib       _memclea code         196c    0       2c
                       lib:sc.lib       strnicmp code         1998    0       a8
                       lib:sc.lib       _stpcpy. code         1a40    0       14
                       lib:sc.lib       _stcul_d code         1a54    0       30
                       lib:sc.lib       _stcl_o. code         1a84    0       30
                       lib:sc.lib       _stcl_h. code         1ab4    0       3c
                       lib:sc.lib       stcl_d.o code         1af0    0       3c
                       lib:sc.lib       _stcd_i. code         1b2c    0       54
                       lib:sc.lib       getdfs.c code         1b80    0       e4
                       lib:sc.lib       _iob.c   code         1c64    0      224
                       lib:sc.lib       _getbuff code         1e88    0       48
                       lib:sc.lib       _strupr. code         1ed0    0       38
                       lib:sc.lib       _ufb.c   code         1f08    0       7c
                       lib:sc.lib       _write.c code         1f84    0      108
                       lib:sc.lib       _lseek.c code         208c    0       98
                       lib:sc.lib       _close.c code         2124    0       70
                       lib:sc.lib       _open.c  code         2194    0      1e0
                       lib:sc.lib       _CXD33.o code         2374    0       c4
                       lib:sc.lib       _CXM33.o code         2438    0       20
                       lib:sc.lib       _exit.c  code         2458    0       10
                       lib:sc.lib       _cxbrk.c code         2468    0      14c
                       lib:sc.lib       _chkufb. code         25b4    0       48
                       lib:sc.lib       _chkabor code         25fc    0       44
                       lib:sc.lib       strstr.o code         2640    0       3c
                       lib:sc.lib       memchr.o code         267c    0       24
                       lib:sc.lib       strcat.o code         26a0    0       18
                       lib:sc.lib       strncpy. code         26b8    0       24
                       lib:sc.lib       memmove. code         26dc    0       2c
                       lib:sc.lib       free.o   code         2708    0      16c
                       lib:sc.lib       malloc.o code         2874    0      174
                       lib:sc.lib       exit.c   code         29e8    0       28
                       lib:sc.lib       sprintf. code         2a10    0       44
                       lib:sc.lib       fputc.c  code         2a54    0      184
                       lib:sc.lib       fflush.c code         2bd8    0       d8
                       lib:sc.lib       fclose.c code         2cb0    0       60
                       lib:sc.lib       freopen. code         2d10    0      13c
                       lib:sc.lib       fopen.c  code         2e4c    0       6c
                       lib:sc.lib       _pfmt.c  code         2eb8    0      47c
                       lib:sc.lib       _pf.c    code         3334    0       70
                       lib:sc.lib       remove.c code         33a4    0       30
EndScript               21-Sep-94 17:24:04  Hunk Section                Page 1-2

 num hunk         size filename         punit    type         base  alv     size
                       lib:sc.lib       io2errno code         33d4    0       60
   1 __MERGED      3e8 workend.o        workend. data            0    0       b0
                       gen:general.o    general. data           b0    0        4
                       simplerexx.o     SimpleRe data           b4    0       30
                       endrexx.o        endrexx. data           e4    0       10
                       copyscripts.o    copyscri data           f4    0       6c
                       T:JKIQ5.0000     _ctdt.o  data          160    0       1c
                       lib:sc.lib       mstep.c  data          17c    0        4
                       lib:sc.lib       sigfunc. data          180    0       24
                       lib:sc.lib       ctype.c  data          1a4    0      104
                       lib:sc.lib       _constru data          2a8    0        4
                       lib:sc.lib       stack.c  data          2ac    0        4
                       lib:sc.lib       _iob.c   data          2b0    0       68
                       lib:sc.lib       _buffsiz data          318    0        4
                       lib:sc.lib       _ufb.c   data          31c    0        8
                       lib:sc.lib       _fmode.c data          324    0        8
                       lib:sc.lib       _cxbrk.c data          32c    0       50
                       lib:sc.lib       exitfunc data          37c    0        4
                       lib:sc.lib       _stdv36. data          380    0       14
                       lib:sc.lib       _stdwin. data          394    0       14
                       lib:sc.lib       io2errno data          3a8    0       40
                       lib:cres.o       c        bss           3e8    0       24
                       lib:/source/_mai _main.c  bss           40c    0        c
                       lib:sc.lib       base.c   bss           418    0        4
                       lib:sc.lib       stkptr.c bss           41c    0        4
                       lib:sc.lib       prgname. bss           420    0        4
                       lib:sc.lib       _onexit. bss           424    0        4
                       lib:sc.lib       oserr.c  bss           428    0        4
                       lib:sc.lib       curdir.c bss           42c    0        4
                       lib:sc.lib       wbmsg.c  bss           430    0        4
                       lib:sc.lib       errno.c  bss           434    0        4
                       lib:sc.lib       memtype. bss           438    0        4
                       lib:sc.lib       _constru bss           43c    0        4
                       lib:sc.lib       _memclea bss           440    0        4
                       lib:sc.lib       _iob.c   bss           444    0       30
                       lib:sc.lib       _ufb.c   bss           474    0        8
                       lib:sc.lib       stdioptr bss           47c    0        8
