Vscroll                 03-Nov-94 14:43:53  Hunk Section                Page 1-1

 num hunk         size filename         punit    type         base  alv     size
   0 text         6c34 lib:cres.o       c        code            0    0      2b4
                       WorkVscroll.o    workvscr code          2b4    0      4f8
                       inthandler.o     inthandl code          7ac    0      1d8
                       workpageasm.o    workpage code          984    0       10
                       preview.o        preview. code          994    0       7c
                       setup.o          setup.c  code          a10    0      c50
                       texted.o         texted.c code         1660    0     159c
                       lib:/source/_mai _main.c  code         2bfc    0      12c
                       demo:gen/support support. code         2d28    0      30c
                       demo:gen/general general. code         3034    0       e4
                       vscroll:asm/easy <noname> code         3118    0     1644
                       lib:sc.lib       _fpinit. code         475c    0       30
                       lib:sc.lib       _MemClea code         478c    0       80
                       lib:sc.lib       stricmp  code         480c    0       3c
                       lib:sc.lib       _stcul_d code         4848    0       30
                       lib:sc.lib       _stcl_o  code         4878    0       30
                       lib:sc.lib       _stcl_h  code         48a8    0       3c
                       lib:sc.lib       _stcd_i  code         48e4    0       54
                       lib:sc.lib       stccpy.c code         4938    0       44
                       lib:sc.lib       stcarg.c code         497c    0       70
                       lib:sc.lib       _getbuff code         49ec    0       48
                       lib:sc.lib       _strupr. code         4a34    0       3c
                       lib:sc.lib       _write.c code         4a70    0      100
                       lib:sc.lib       _read.c  code         4b70    0       f8
                       lib:sc.lib       _lseek.c code         4c68    0       94
                       lib:sc.lib       _close.c code         4cfc    0       70
                       lib:sc.lib       _open.c  code         4d6c    0      1dc
                       lib:sc.lib       _cxd33   code         4f48    0       c4
                       lib:sc.lib       _cxm33   code         500c    0       20
                       lib:sc.lib       _cxm22   code         502c    0       30
                       lib:sc.lib       _exit.c  code         505c    0       5c
                       lib:sc.lib       _cxbrk.c code         50b8    0      14c
                       lib:sc.lib       _chkufb. code         5204    0       4c
                       lib:sc.lib       _chkabor code         5250    0       50
                       lib:sc.lib       strchr   code         52a0    0       18
                       lib:sc.lib       memchr   code         52b8    0       24
                       lib:sc.lib       strcat   code         52dc    0       18
                       lib:sc.lib       memmove  code         52f4    0       2c
                       lib:sc.lib       free     code         5320    0      16c
                       lib:sc.lib       malloc   code         548c    0      174
                       lib:sc.lib       sscanf.c code         5600    0       5c
                       lib:sc.lib       sprintf. code         565c    0       44
                       lib:sc.lib       fprintf. code         56a0    0       a0
                       lib:sc.lib       fputc.c  code         5740    0      174
                       lib:sc.lib       fgetc.c  code         58b4    0      168
                       lib:sc.lib       fwrite.c code         5a1c    0      13c
                       lib:sc.lib       fflush.c code         5b58    0       d4
                       lib:sc.lib       fclose.c code         5c2c    0       60
                       lib:sc.lib       freopen. code         5c8c    0      144
                       lib:sc.lib       fopen.c  code         5dd0    0       64
                       lib:sc.lib       _sfmt.c  code         5e34    0      618
                       lib:sc.lib       _pfmt.c  code         644c    0      438
                       lib:sc.lib       _sf.c    code         6884    0      168
Vscroll                 03-Nov-94 14:43:53  Hunk Section                Page 1-2

 num hunk         size filename         punit    type         base  alv     size
                       lib:sc.lib       _pf.c    code         69ec    0       7c
                       lib:sc.lib       remove.c code         6a68    0       30
                       lib:sc.lib       DelStdIO code         6a98    0       28
                       lib:sc.lib       DelPort. code         6ac0    0       44
                       lib:sc.lib       CrtStdIO code         6b04    0       40
                       lib:sc.lib       CrtPort. code         6b44    0       90
                       lib:sc.lib       io2errno code         6bd4    0       60
   1 __MERGED      7e0 WorkVscroll.o    workvscr data            0    0       10
                       inthandler.o     inthandl data           10    0       20
                       setup.o          setup.c  data           30    0      460
                       texted.o         texted.c data          490    0       fc
                       demo:gen/support support. data          58c    0       14
                       demo:gen/general general. data          5a0    0        4
                       lib:sc.lib       mstep.c  data          5a4    0        4
                       lib:sc.lib       sigfunc. data          5a8    0       24
                       lib:sc.lib       ctype.c  data          5cc    0      104
                       lib:sc.lib       stack.c  data          6d0    0        4
                       lib:sc.lib       _iob.c   data          6d4    0       68
                       lib:sc.lib       _buffsiz data          73c    0        4
                       lib:sc.lib       _ufb.c   data          740    0        8
                       lib:sc.lib       _fmode.c data          748    0        8
                       lib:sc.lib       _cxbrk.c data          750    0       50
                       lib:sc.lib       io2errno data          7a0    0       40
                       lib:cres.o       c        bss           7e0    0       50
                       setup.o          setup.c  bss           830    0        c
                       texted.o         texted.c bss           83c    0       9c
                       lib:/source/_mai _main.c  bss           8d8    0       8c
                       demo:gen/support support. bss           964    0      218
                       lib:sc.lib       errno.c  bss           b7c    0        4
                       lib:sc.lib       memheap. bss           b80    0        4
                       lib:sc.lib       memtype. bss           b84    0        4
                       lib:sc.lib       dosbase  bss           b88    0        4
                       lib:sc.lib       _top.c   bss           b8c    0        4
                       lib:sc.lib       _exit.c  bss           b90    0        4
                       lib:sc.lib       sscanf.c bss           b94    0        8
