Peggy                   27-Sep-94 17:53:42  Hunk Section                Page 1-1

 num hunk         size filename         punit    type         base  alv     size
   0 text         3f30 lib:cres.o       c        code            0    0      2a8
                       WorkPeggy.o      workpegg code          2a8    0      61c
                       mpeg_init.o      mpeg_ini code          8c4    0      594
                       setup.o          setup.c  code          e58    0      660
                       inthandler.o     inthandl code         14b8    0      1cc
                       workpageasm.o    workpage code         1684    0       10
                       preview.o        preview. code         1694    0      110
                       lib:/source/_mai _main.c  code         17a4    0      1bc
                       gen:support.o    support. code         1960    0      30c
                       gen:general.o    general. code         1c6c    0      1dc
                       lib:sc.lib       newlist  code         1e48    0       14
                       lib:sc.lib       createst code         1e5c    0       14
                       lib:sc.lib       createpo code         1e70    0       b8
                       lib:sc.lib       createex code         1f28    0       6c
                       lib:sc.lib       _constru code         1f94    0       34
                       lib:sc.lib       _fpinit. code         1fc8    0       3c
                       lib:sc.lib       writes.c code         2004    0       30
                       lib:sc.lib       _memclea code         2034    0       2c
                       lib:sc.lib       _stpcpy. code         2060    0       14
                       lib:sc.lib       _stcul_d code         2074    0       30
                       lib:sc.lib       _stcl_o. code         20a4    0       30
                       lib:sc.lib       _stcl_h. code         20d4    0       3c
                       lib:sc.lib       _stcd_i. code         2110    0       54
                       lib:sc.lib       stccpy.c code         2164    0       3c
                       lib:sc.lib       stcarg.c code         21a0    0       94
                       lib:sc.lib       _iob.c   code         2234    0      224
                       lib:sc.lib       _getbuff code         2458    0       48
                       lib:sc.lib       _strupr. code         24a0    0       38
                       lib:sc.lib       _ufb.c   code         24d8    0       7c
                       lib:sc.lib       _write.c code         2554    0      108
                       lib:sc.lib       _lseek.c code         265c    0       98
                       lib:sc.lib       _CXD33.o code         26f4    0       c4
                       lib:sc.lib       _CXM33.o code         27b8    0       20
                       lib:sc.lib       _CXM22.o code         27d8    0       30
                       lib:sc.lib       _exit.c  code         2808    0       10
                       lib:sc.lib       _cxbrk.c code         2818    0      14c
                       lib:sc.lib       _chkufb. code         2964    0       48
                       lib:sc.lib       _chkabor code         29ac    0       44
                       lib:sc.lib       strchr.o code         29f0    0       18
                       lib:sc.lib       memchr.o code         2a08    0       24
                       lib:sc.lib       strcat.o code         2a2c    0       18
                       lib:sc.lib       strcpy.o code         2a44    0       10
                       lib:sc.lib       memmove. code         2a54    0       2c
                       lib:sc.lib       free.o   code         2a80    0      16c
                       lib:sc.lib       malloc.o code         2bec    0      174
                       lib:sc.lib       exit.c   code         2d60    0       28
                       lib:sc.lib       sscanf.c code         2d88    0       5c
                       lib:sc.lib       sprintf. code         2de4    0       44
                       lib:sc.lib       printf.c code         2e28    0       7c
                       lib:sc.lib       fputc.c  code         2ea4    0      184
                       lib:sc.lib       fwrite.c code         3028    0      14c
                       lib:sc.lib       fflush.c code         3174    0       d8
                       lib:sc.lib       _sfmt.c  code         324c    0      620
Peggy                   27-Sep-94 17:53:42  Hunk Section                Page 1-2

 num hunk         size filename         punit    type         base  alv     size
                       lib:sc.lib       _pfmt.c  code         386c    0      47c
                       lib:sc.lib       _sf.c    code         3ce8    0      178
                       lib:sc.lib       _pf.c    code         3e60    0       70
                       lib:sc.lib       io2errno code         3ed0    0       60
   1 __MERGED      4c4 WorkPeggy.o      workpegg data            0    0       38
                       mpeg_init.o      mpeg_ini data           38    0       64
                       setup.o          setup.c  data           9c    0      154
                       inthandler.o     inthandl data          1f0    0       20
                       preview.o        preview. data          210    0       14
                       gen:support.o    support. data          224    0       14
                       gen:general.o    general. data          238    0        4
                       T:TUXD5.0000     _ctdt.o  data          23c    0       1c
                       lib:sc.lib       mstep.c  data          258    0        4
                       lib:sc.lib       sigfunc. data          25c    0       24
                       lib:sc.lib       ctype.c  data          280    0      104
                       lib:sc.lib       _constru data          384    0        4
                       lib:sc.lib       stack.c  data          388    0        4
                       lib:sc.lib       _iob.c   data          38c    0       68
                       lib:sc.lib       _buffsiz data          3f4    0        4
                       lib:sc.lib       _ufb.c   data          3f8    0        8
                       lib:sc.lib       _fmode.c data          400    0        8
                       lib:sc.lib       _cxbrk.c data          408    0       50
                       lib:sc.lib       exitfunc data          458    0        4
                       lib:sc.lib       _stdv36. data          45c    0       14
                       lib:sc.lib       _stdwin. data          470    0       14
                       lib:sc.lib       io2errno data          484    0       40
                       lib:cres.o       c        bss           4c4    0       24
                       mpeg_init.o      mpeg_ini bss           4e8    0        4
                       setup.o          setup.c  bss           4ec    0        c
                       lib:/source/_mai _main.c  bss           4f8    0        c
                       gen:support.o    support. bss           504    0      218
                       lib:sc.lib       base.c   bss           71c    0        4
                       lib:sc.lib       stkptr.c bss           720    0        4
                       lib:sc.lib       prgname. bss           724    0        4
                       lib:sc.lib       _onexit. bss           728    0        4
                       lib:sc.lib       oserr.c  bss           72c    0        4
                       lib:sc.lib       curdir.c bss           730    0        4
                       lib:sc.lib       wbmsg.c  bss           734    0        4
                       lib:sc.lib       errno.c  bss           738    0        4
                       lib:sc.lib       memtype. bss           73c    0        4
                       lib:sc.lib       _constru bss           740    0        4
                       lib:sc.lib       _memclea bss           744    0        4
                       lib:sc.lib       _iob.c   bss           748    0       30
                       lib:sc.lib       _ufb.c   bss           778    0        8
                       lib:sc.lib       sscanf.c bss           780    0        8
                       lib:sc.lib       printf.c bss           788    0        4
                       lib:sc.lib       stdioptr bss           78c    0        8
